2026-08-26 10:32:25 | INFO    | cicps | Also logging this run to D:\Projects\cicps-augmentation\outputs\experiment_0b\logs\train_baseline_random_erasing.log
2026-08-26 10:32:25 | INFO    | cicps.train_policies | policy       : baseline_random_erasing
2026-08-26 10:32:25 | INFO    | cicps.train_policies | description  : Standard recipe plus Experiment 0A's random erasing.
2026-08-26 10:32:25 | INFO    | cicps.train_policies | audit link   : random_erasing
2026-08-26 10:32:25 | INFO    | cicps.train_policies | master seed  : 42 -> resolved policy seed 1505275385
2026-08-26 10:32:25 | INFO    | cicps.train_policies | device       : cuda
2026-08-26 10:32:25 | INFO    | cicps.train_policies | split        : fingerprint 2c3a0390542d2a57 (seed 42)
2026-08-26 10:32:25 | INFO    | cicps.train_policies | train / val  : 5394 / 600 images
2026-08-26 10:32:25 | INFO    | cicps.train_policies | architecture : resnet18 (weights IMAGENET1K_V1, pretrained=True)
2026-08-26 10:32:25 | INFO    | cicps.train_policies | optimizer    : adamw lr=0.0003 weight_decay=0.05
2026-08-26 10:32:25 | INFO    | cicps.train_policies | scheduler    : cosine (warmup 1 epochs, min_lr 1e-06)
2026-08-26 10:32:25 | INFO    | cicps.train_policies | budget       : 20 epochs, batch_size 32, monitor val_top1 (max)
2026-08-26 10:32:25 | INFO    | cicps.train_policies | pipeline     : {"crop": {"kind": "RandomResizedCrop", "repr": "RandomResizedCrop(size=(224, 224), scale=(0.7, 1.0), ratio=(0.75, 1.3333), interpolation=bilinear, antialias=True)", "size": [224, 224], "scale": [0.7, 1.0], "ratio": [0.75, 1.3333]}, "flip": {"kind": "RandomHorizontalFlip", "repr": "RandomHorizontalFlip(p=0.5)", "p": 0.5}, "normalize": {"mean": [0.485, 0.456, 0.406], "std": [0.229, 0.224, 0.225]}, "added_transform": {"name": "random_erasing", "type": "random_erasing", "params": {"scale": [0.05, 0.2], "ratio": [0.3, 3.3], "value": 0.0}, "application_probability": 0.5}}
2026-08-26 10:32:25 | INFO    | cicps.train_policies | Seeding model initialisation from the master seed 42 so every policy starts identically.
2026-08-26 10:32:25 | INFO    | cicps.seeding | Re-seeded RNGs for this run with seed 42.
2026-08-26 10:32:26 | INFO    | cicps.factory | Built resnet18 (pretrained=True, weights=IMAGENET1K_V1, feature_dim=512, num_classes=200, params=11.28M).
2026-08-26 10:32:26 | INFO    | cicps.trainer | Train loader: 5394 images, batch_size=32, workers=4.
2026-08-26 10:32:26 | INFO    | cicps.trainer | Val loader: 600 images, batch_size=64, workers=4.
2026-08-26 10:32:26 | INFO    | cicps.train_policies | Handing the RNG to this policy's own stream (seed 1505275385) for shuffling and augmentation sampling.
2026-08-26 10:32:26 | INFO    | cicps.seeding | Re-seeded RNGs for this run with seed 1505275385.
2026-08-26 10:32:26 | INFO    | cicps.trainer | Training run 'baseline_random_erasing' for 20 epoch(s) on cuda (seed 1505275385).
2026-08-26 10:33:23 | INFO    | cicps.trainer | [baseline_random_erasing] epoch  1/20 | lr 3.00e-04 | train loss 3.9863 top1 0.1880 top5 0.4169 | val loss 2.7900 top1 0.3150 top5 0.6767 | 57.5s
2026-08-26 10:33:23 | INFO    | cicps.checkpoint | Saved checkpoint to D:\Projects\cicps-augmentation\outputs\experiment_0b\checkpoints\baseline_random_erasing\best.pt (epoch 0, train_loss=3.9863, train_top1=0.1880, train_top5=0.4169, val_loss=2.7900, val_top1=0.3150, val_top5=0.6767).
2026-08-26 10:33:24 | INFO    | cicps.checkpoint | Saved checkpoint to D:\Projects\cicps-augmentation\outputs\experiment_0b\checkpoints\baseline_random_erasing\last.pt (epoch 0, train_loss=3.9863, train_top1=0.1880, train_top5=0.4169, val_loss=2.7900, val_top1=0.3150, val_top5=0.6767).
2026-08-26 10:33:39 | INFO    | cicps.trainer | [baseline_random_erasing] epoch  2/20 | lr 3.00e-04 | train loss 2.2593 top1 0.4848 top5 0.8020 | val loss 1.9056 top1 0.5200 top5 0.8467 | 14.9s
2026-08-26 10:33:39 | INFO    | cicps.checkpoint | Saved checkpoint to D:\Projects\cicps-augmentation\outputs\experiment_0b\checkpoints\baseline_random_erasing\best.pt (epoch 1, train_loss=2.2593, train_top1=0.4848, train_top5=0.8020, val_loss=1.9056, val_top1=0.5200, val_top5=0.8467).
2026-08-26 10:33:39 | INFO    | cicps.checkpoint | Saved checkpoint to D:\Projects\cicps-augmentation\outputs\experiment_0b\checkpoints\baseline_random_erasing\last.pt (epoch 1, train_loss=2.2593, train_top1=0.4848, train_top5=0.8020, val_loss=1.9056, val_top1=0.5200, val_top5=0.8467).
2026-08-26 10:33:56 | INFO    | cicps.trainer | [baseline_random_erasing] epoch  3/20 | lr 2.98e-04 | train loss 1.5666 top1 0.6327 top5 0.8910 | val loss 1.6635 top1 0.5600 top5 0.8567 | 16.7s
2026-08-26 10:33:56 | INFO    | cicps.checkpoint | Saved checkpoint to D:\Projects\cicps-augmentation\outputs\experiment_0b\checkpoints\baseline_random_erasing\best.pt (epoch 2, train_loss=1.5666, train_top1=0.6327, train_top5=0.8910, val_loss=1.6635, val_top1=0.5600, val_top5=0.8567).
2026-08-26 10:33:57 | INFO    | cicps.checkpoint | Saved checkpoint to D:\Projects\cicps-augmentation\outputs\experiment_0b\checkpoints\baseline_random_erasing\last.pt (epoch 2, train_loss=1.5666, train_top1=0.6327, train_top5=0.8910, val_loss=1.6635, val_top1=0.5600, val_top5=0.8567).
2026-08-26 10:34:15 | INFO    | cicps.trainer | [baseline_random_erasing] epoch  4/20 | lr 2.92e-04 | train loss 1.1764 top1 0.7176 top5 0.9296 | val loss 1.5170 top1 0.6300 top5 0.8633 | 18.1s
2026-08-26 10:34:15 | INFO    | cicps.checkpoint | Saved checkpoint to D:\Projects\cicps-augmentation\outputs\experiment_0b\checkpoints\baseline_random_erasing\best.pt (epoch 3, train_loss=1.1764, train_top1=0.7176, train_top5=0.9296, val_loss=1.5170, val_top1=0.6300, val_top5=0.8633).
2026-08-26 10:34:15 | INFO    | cicps.checkpoint | Saved checkpoint to D:\Projects\cicps-augmentation\outputs\experiment_0b\checkpoints\baseline_random_erasing\last.pt (epoch 3, train_loss=1.1764, train_top1=0.7176, train_top5=0.9296, val_loss=1.5170, val_top1=0.6300, val_top5=0.8633).
2026-08-26 10:34:34 | INFO    | cicps.trainer | [baseline_random_erasing] epoch  5/20 | lr 2.82e-04 | train loss 0.8902 top1 0.7953 top5 0.9579 | val loss 1.5968 top1 0.5867 top5 0.8550 | 18.8s
2026-08-26 10:34:34 | INFO    | cicps.checkpoint | Saved checkpoint to D:\Projects\cicps-augmentation\outputs\experiment_0b\checkpoints\baseline_random_erasing\last.pt (epoch 4, train_loss=0.8902, train_top1=0.7953, train_top5=0.9579, val_loss=1.5968, val_top1=0.5867, val_top5=0.8550).
2026-08-26 10:34:54 | INFO    | cicps.trainer | [baseline_random_erasing] epoch  6/20 | lr 2.68e-04 | train loss 0.6863 top1 0.8471 top5 0.9705 | val loss 1.3417 top1 0.6233 top5 0.8833 | 19.5s
2026-08-26 10:34:54 | INFO    | cicps.checkpoint | Saved checkpoint to D:\Projects\cicps-augmentation\outputs\experiment_0b\checkpoints\baseline_random_erasing\last.pt (epoch 5, train_loss=0.6863, train_top1=0.8471, train_top5=0.9705, val_loss=1.3417, val_top1=0.6233, val_top5=0.8833).
2026-08-26 10:35:13 | INFO    | cicps.trainer | [baseline_random_erasing] epoch  7/20 | lr 2.52e-04 | train loss 0.5333 top1 0.8836 top5 0.9800 | val loss 1.5351 top1 0.6067 top5 0.8500 | 18.7s
2026-08-26 10:35:13 | INFO    | cicps.checkpoint | Saved checkpoint to D:\Projects\cicps-augmentation\outputs\experiment_0b\checkpoints\baseline_random_erasing\last.pt (epoch 6, train_loss=0.5333, train_top1=0.8836, train_top5=0.9800, val_loss=1.5351, val_top1=0.6067, val_top5=0.8500).
2026-08-26 10:35:32 | INFO    | cicps.trainer | [baseline_random_erasing] epoch  8/20 | lr 2.32e-04 | train loss 0.4500 top1 0.9069 top5 0.9833 | val loss 1.3141 top1 0.6467 top5 0.9067 | 19.2s
2026-08-26 10:35:32 | INFO    | cicps.checkpoint | Saved checkpoint to D:\Projects\cicps-augmentation\outputs\experiment_0b\checkpoints\baseline_random_erasing\best.pt (epoch 7, train_loss=0.4500, train_top1=0.9069, train_top5=0.9833, val_loss=1.3141, val_top1=0.6467, val_top5=0.9067).
2026-08-26 10:35:32 | INFO    | cicps.checkpoint | Saved checkpoint to D:\Projects\cicps-augmentation\outputs\experiment_0b\checkpoints\baseline_random_erasing\last.pt (epoch 7, train_loss=0.4500, train_top1=0.9069, train_top5=0.9833, val_loss=1.3141, val_top1=0.6467, val_top5=0.9067).
2026-08-26 10:35:52 | INFO    | cicps.trainer | [baseline_random_erasing] epoch  9/20 | lr 2.11e-04 | train loss 0.3436 top1 0.9299 top5 0.9876 | val loss 1.2385 top1 0.6700 top5 0.8883 | 19.1s
2026-08-26 10:35:52 | INFO    | cicps.checkpoint | Saved checkpoint to D:\Projects\cicps-augmentation\outputs\experiment_0b\checkpoints\baseline_random_erasing\best.pt (epoch 8, train_loss=0.3436, train_top1=0.9299, train_top5=0.9876, val_loss=1.2385, val_top1=0.6700, val_top5=0.8883).
2026-08-26 10:35:52 | INFO    | cicps.checkpoint | Saved checkpoint to D:\Projects\cicps-augmentation\outputs\experiment_0b\checkpoints\baseline_random_erasing\last.pt (epoch 8, train_loss=0.3436, train_top1=0.9299, train_top5=0.9876, val_loss=1.2385, val_top1=0.6700, val_top5=0.8883).
2026-08-26 10:36:11 | INFO    | cicps.trainer | [baseline_random_erasing] epoch 10/20 | lr 1.87e-04 | train loss 0.2611 top1 0.9503 top5 0.9913 | val loss 1.1545 top1 0.6933 top5 0.9267 | 19.0s
2026-08-26 10:36:12 | INFO    | cicps.checkpoint | Saved checkpoint to D:\Projects\cicps-augmentation\outputs\experiment_0b\checkpoints\baseline_random_erasing\best.pt (epoch 9, train_loss=0.2611, train_top1=0.9503, train_top5=0.9913, val_loss=1.1545, val_top1=0.6933, val_top5=0.9267).
2026-08-26 10:36:12 | INFO    | cicps.checkpoint | Saved checkpoint to D:\Projects\cicps-augmentation\outputs\experiment_0b\checkpoints\baseline_random_erasing\last.pt (epoch 9, train_loss=0.2611, train_top1=0.9503, train_top5=0.9913, val_loss=1.1545, val_top1=0.6933, val_top5=0.9267).
2026-08-26 10:36:31 | INFO    | cicps.trainer | [baseline_random_erasing] epoch 11/20 | lr 1.63e-04 | train loss 0.2133 top1 0.9601 top5 0.9924 | val loss 1.1169 top1 0.7167 top5 0.9117 | 19.1s
2026-08-26 10:36:31 | INFO    | cicps.checkpoint | Saved checkpoint to D:\Projects\cicps-augmentation\outputs\experiment_0b\checkpoints\baseline_random_erasing\best.pt (epoch 10, train_loss=0.2133, train_top1=0.9601, train_top5=0.9924, val_loss=1.1169, val_top1=0.7167, val_top5=0.9117).
2026-08-26 10:36:31 | INFO    | cicps.checkpoint | Saved checkpoint to D:\Projects\cicps-augmentation\outputs\experiment_0b\checkpoints\baseline_random_erasing\last.pt (epoch 10, train_loss=0.2133, train_top1=0.9601, train_top5=0.9924, val_loss=1.1169, val_top1=0.7167, val_top5=0.9117).
2026-08-26 10:36:51 | INFO    | cicps.trainer | [baseline_random_erasing] epoch 12/20 | lr 1.38e-04 | train loss 0.1908 top1 0.9646 top5 0.9954 | val loss 1.0905 top1 0.7117 top5 0.9217 | 19.3s
2026-08-26 10:36:51 | INFO    | cicps.checkpoint | Saved checkpoint to D:\Projects\cicps-augmentation\outputs\experiment_0b\checkpoints\baseline_random_erasing\last.pt (epoch 11, train_loss=0.1908, train_top1=0.9646, train_top5=0.9954, val_loss=1.0905, val_top1=0.7117, val_top5=0.9217).
2026-08-26 10:37:10 | INFO    | cicps.trainer | [baseline_random_erasing] epoch 13/20 | lr 1.14e-04 | train loss 0.1553 top1 0.9729 top5 0.9946 | val loss 1.0268 top1 0.7283 top5 0.9267 | 19.4s
2026-08-26 10:37:11 | INFO    | cicps.checkpoint | Saved checkpoint to D:\Projects\cicps-augmentation\outputs\experiment_0b\checkpoints\baseline_random_erasing\best.pt (epoch 12, train_loss=0.1553, train_top1=0.9729, train_top5=0.9946, val_loss=1.0268, val_top1=0.7283, val_top5=0.9267).
2026-08-26 10:37:11 | INFO    | cicps.checkpoint | Saved checkpoint to D:\Projects\cicps-augmentation\outputs\experiment_0b\checkpoints\baseline_random_erasing\last.pt (epoch 12, train_loss=0.1553, train_top1=0.9729, train_top5=0.9946, val_loss=1.0268, val_top1=0.7283, val_top5=0.9267).
2026-08-26 10:37:30 | INFO    | cicps.trainer | [baseline_random_erasing] epoch 14/20 | lr 9.04e-05 | train loss 0.1378 top1 0.9739 top5 0.9959 | val loss 1.0249 top1 0.7300 top5 0.9200 | 19.3s
2026-08-26 10:37:30 | INFO    | cicps.checkpoint | Saved checkpoint to D:\Projects\cicps-augmentation\outputs\experiment_0b\checkpoints\baseline_random_erasing\best.pt (epoch 13, train_loss=0.1378, train_top1=0.9739, train_top5=0.9959, val_loss=1.0249, val_top1=0.7300, val_top5=0.9200).
2026-08-26 10:37:31 | INFO    | cicps.checkpoint | Saved checkpoint to D:\Projects\cicps-augmentation\outputs\experiment_0b\checkpoints\baseline_random_erasing\last.pt (epoch 13, train_loss=0.1378, train_top1=0.9739, train_top5=0.9959, val_loss=1.0249, val_top1=0.7300, val_top5=0.9200).
2026-08-26 10:37:50 | INFO    | cicps.trainer | [baseline_random_erasing] epoch 15/20 | lr 6.87e-05 | train loss 0.1173 top1 0.9802 top5 0.9965 | val loss 1.0140 top1 0.7400 top5 0.9317 | 19.5s
2026-08-26 10:37:50 | INFO    | cicps.checkpoint | Saved checkpoint to D:\Projects\cicps-augmentation\outputs\experiment_0b\checkpoints\baseline_random_erasing\best.pt (epoch 14, train_loss=0.1173, train_top1=0.9802, train_top5=0.9965, val_loss=1.0140, val_top1=0.7400, val_top5=0.9317).
2026-08-26 10:37:51 | INFO    | cicps.checkpoint | Saved checkpoint to D:\Projects\cicps-augmentation\outputs\experiment_0b\checkpoints\baseline_random_erasing\last.pt (epoch 14, train_loss=0.1173, train_top1=0.9802, train_top5=0.9965, val_loss=1.0140, val_top1=0.7400, val_top5=0.9317).
2026-08-26 10:38:10 | INFO    | cicps.trainer | [baseline_random_erasing] epoch 16/20 | lr 4.92e-05 | train loss 0.1006 top1 0.9820 top5 0.9965 | val loss 1.0170 top1 0.7200 top5 0.9250 | 19.4s
2026-08-26 10:38:10 | INFO    | cicps.checkpoint | Saved checkpoint to D:\Projects\cicps-augmentation\outputs\experiment_0b\checkpoints\baseline_random_erasing\last.pt (epoch 15, train_loss=0.1006, train_top1=0.9820, train_top5=0.9965, val_loss=1.0170, val_top1=0.7200, val_top5=0.9250).
2026-08-26 10:38:30 | INFO    | cicps.trainer | [baseline_random_erasing] epoch 17/20 | lr 3.25e-05 | train loss 0.0985 top1 0.9846 top5 0.9965 | val loss 0.9825 top1 0.7333 top5 0.9250 | 19.5s
2026-08-26 10:38:30 | INFO    | cicps.checkpoint | Saved checkpoint to D:\Projects\cicps-augmentation\outputs\experiment_0b\checkpoints\baseline_random_erasing\last.pt (epoch 16, train_loss=0.0985, train_top1=0.9846, train_top5=0.9965, val_loss=0.9825, val_top1=0.7333, val_top5=0.9250).
2026-08-26 10:38:50 | INFO    | cicps.trainer | [baseline_random_erasing] epoch 18/20 | lr 1.90e-05 | train loss 0.0900 top1 0.9861 top5 0.9968 | val loss 0.9856 top1 0.7483 top5 0.9317 | 19.6s
2026-08-26 10:38:50 | INFO    | cicps.checkpoint | Saved checkpoint to D:\Projects\cicps-augmentation\outputs\experiment_0b\checkpoints\baseline_random_erasing\best.pt (epoch 17, train_loss=0.0900, train_top1=0.9861, train_top5=0.9968, val_loss=0.9856, val_top1=0.7483, val_top5=0.9317).
2026-08-26 10:38:50 | INFO    | cicps.checkpoint | Saved checkpoint to D:\Projects\cicps-augmentation\outputs\experiment_0b\checkpoints\baseline_random_erasing\last.pt (epoch 17, train_loss=0.0900, train_top1=0.9861, train_top5=0.9968, val_loss=0.9856, val_top1=0.7483, val_top5=0.9317).
2026-08-26 10:39:10 | INFO    | cicps.trainer | [baseline_random_erasing] epoch 19/20 | lr 9.10e-06 | train loss 0.0821 top1 0.9865 top5 0.9983 | val loss 0.9803 top1 0.7583 top5 0.9267 | 19.6s
2026-08-26 10:39:10 | INFO    | cicps.checkpoint | Saved checkpoint to D:\Projects\cicps-augmentation\outputs\experiment_0b\checkpoints\baseline_random_erasing\best.pt (epoch 18, train_loss=0.0821, train_top1=0.9865, train_top5=0.9983, val_loss=0.9803, val_top1=0.7583, val_top5=0.9267).
2026-08-26 10:39:10 | INFO    | cicps.checkpoint | Saved checkpoint to D:\Projects\cicps-augmentation\outputs\experiment_0b\checkpoints\baseline_random_erasing\last.pt (epoch 18, train_loss=0.0821, train_top1=0.9865, train_top5=0.9983, val_loss=0.9803, val_top1=0.7583, val_top5=0.9267).
2026-08-26 10:39:30 | INFO    | cicps.trainer | [baseline_random_erasing] epoch 20/20 | lr 3.04e-06 | train loss 0.0774 top1 0.9892 top5 0.9980 | val loss 0.9792 top1 0.7567 top5 0.9283 | 19.6s
2026-08-26 10:39:30 | INFO    | cicps.checkpoint | Saved checkpoint to D:\Projects\cicps-augmentation\outputs\experiment_0b\checkpoints\baseline_random_erasing\last.pt (epoch 19, train_loss=0.0774, train_top1=0.9892, train_top5=0.9980, val_loss=0.9792, val_top1=0.7567, val_top5=0.9283).
2026-08-26 10:39:30 | INFO    | cicps.trainer | Wrote training history to D:\Projects\cicps-augmentation\outputs\experiment_0b\logs\history\baseline_random_erasing.csv
2026-08-26 10:39:30 | INFO    | cicps.trainer | [baseline_random_erasing] best val_top1 = 0.7583 at epoch 19; best checkpoint: D:\Projects\cicps-augmentation\outputs\experiment_0b\checkpoints\baseline_random_erasing\best.pt
