2026-08-26 09:48:09 | INFO    | cicps | Also logging this run to D:\Projects\cicps-augmentation\outputs\experiment_0b\logs\train_baseline_color_jitter.log
2026-08-26 09:48:09 | INFO    | cicps.train_policies | policy       : baseline_color_jitter
2026-08-26 09:48:09 | INFO    | cicps.train_policies | description  : Standard recipe plus Experiment 0A's colour jitter.
2026-08-26 09:48:09 | INFO    | cicps.train_policies | audit link   : color_jitter
2026-08-26 09:48:09 | INFO    | cicps.train_policies | master seed  : 42 -> resolved policy seed 503065231
2026-08-26 09:48:09 | INFO    | cicps.train_policies | device       : cuda
2026-08-26 09:48:09 | INFO    | cicps.train_policies | split        : fingerprint 2c3a0390542d2a57 (seed 42)
2026-08-26 09:48:09 | INFO    | cicps.train_policies | train / val  : 5394 / 600 images
2026-08-26 09:48:09 | INFO    | cicps.train_policies | architecture : resnet18 (weights IMAGENET1K_V1, pretrained=True)
2026-08-26 09:48:09 | INFO    | cicps.train_policies | optimizer    : adamw lr=0.0003 weight_decay=0.05
2026-08-26 09:48:09 | INFO    | cicps.train_policies | scheduler    : cosine (warmup 1 epochs, min_lr 1e-06)
2026-08-26 09:48:09 | INFO    | cicps.train_policies | budget       : 20 epochs, batch_size 32, monitor val_top1 (max)
2026-08-26 09:48:09 | INFO    | cicps.train_policies | pipeline     : {"crop": {"kind": "RandomResizedCrop", "repr": "RandomResizedCrop(size=(224, 224), scale=(0.7, 1.0), ratio=(0.75, 1.3333), interpolation=bilinear, antialias=True)", "size": [224, 224], "scale": [0.7, 1.0], "ratio": [0.75, 1.3333]}, "flip": {"kind": "RandomHorizontalFlip", "repr": "RandomHorizontalFlip(p=0.5)", "p": 0.5}, "normalize": {"mean": [0.485, 0.456, 0.406], "std": [0.229, 0.224, 0.225]}, "added_transform": {"name": "color_jitter", "type": "color_jitter", "params": {"brightness": 0.4, "contrast": 0.4, "saturation": 0.4, "hue": 0.1}, "application_probability": 0.5}}
2026-08-26 09:48:09 | INFO    | cicps.train_policies | Seeding model initialisation from the master seed 42 so every policy starts identically.
2026-08-26 09:48:09 | INFO    | cicps.seeding | Re-seeded RNGs for this run with seed 42.
2026-08-26 09:48:09 | INFO    | cicps.factory | Built resnet18 (pretrained=True, weights=IMAGENET1K_V1, feature_dim=512, num_classes=200, params=11.28M).
2026-08-26 09:48:09 | INFO    | cicps.trainer | Train loader: 5394 images, batch_size=32, workers=4.
2026-08-26 09:48:09 | INFO    | cicps.trainer | Val loader: 600 images, batch_size=64, workers=4.
2026-08-26 09:48:09 | INFO    | cicps.train_policies | Handing the RNG to this policy's own stream (seed 503065231) for shuffling and augmentation sampling.
2026-08-26 09:48:09 | INFO    | cicps.seeding | Re-seeded RNGs for this run with seed 503065231.
2026-08-26 09:48:09 | INFO    | cicps.trainer | Training run 'baseline_color_jitter' for 20 epoch(s) on cuda (seed 503065231).
2026-08-26 09:49:13 | INFO    | cicps.trainer | [baseline_color_jitter] epoch  1/20 | lr 3.00e-04 | train loss 3.9743 top1 0.1856 top5 0.4257 | val loss 2.7931 top1 0.3467 top5 0.6867 | 63.6s
2026-08-26 09:49:13 | INFO    | cicps.checkpoint | Saved checkpoint to D:\Projects\cicps-augmentation\outputs\experiment_0b\checkpoints\baseline_color_jitter\best.pt (epoch 0, train_loss=3.9743, train_top1=0.1856, train_top5=0.4257, val_loss=2.7931, val_top1=0.3467, val_top5=0.6867).
2026-08-26 09:49:13 | INFO    | cicps.checkpoint | Saved checkpoint to D:\Projects\cicps-augmentation\outputs\experiment_0b\checkpoints\baseline_color_jitter\last.pt (epoch 0, train_loss=3.9743, train_top1=0.1856, train_top5=0.4257, val_loss=2.7931, val_top1=0.3467, val_top5=0.6867).
2026-08-26 09:49:31 | INFO    | cicps.trainer | [baseline_color_jitter] epoch  2/20 | lr 3.00e-04 | train loss 2.1851 top1 0.5152 top5 0.8276 | val loss 2.1438 top1 0.4683 top5 0.7917 | 17.2s
2026-08-26 09:49:31 | INFO    | cicps.checkpoint | Saved checkpoint to D:\Projects\cicps-augmentation\outputs\experiment_0b\checkpoints\baseline_color_jitter\best.pt (epoch 1, train_loss=2.1851, train_top1=0.5152, train_top5=0.8276, val_loss=2.1438, val_top1=0.4683, val_top5=0.7917).
2026-08-26 09:49:32 | INFO    | cicps.checkpoint | Saved checkpoint to D:\Projects\cicps-augmentation\outputs\experiment_0b\checkpoints\baseline_color_jitter\last.pt (epoch 1, train_loss=2.1851, train_top1=0.5152, train_top5=0.8276, val_loss=2.1438, val_top1=0.4683, val_top5=0.7917).
2026-08-26 09:49:50 | INFO    | cicps.trainer | [baseline_color_jitter] epoch  3/20 | lr 2.98e-04 | train loss 1.4072 top1 0.6780 top5 0.9264 | val loss 1.6875 top1 0.5500 top5 0.8650 | 18.6s
2026-08-26 09:49:51 | INFO    | cicps.checkpoint | Saved checkpoint to D:\Projects\cicps-augmentation\outputs\experiment_0b\checkpoints\baseline_color_jitter\best.pt (epoch 2, train_loss=1.4072, train_top1=0.6780, train_top5=0.9264, val_loss=1.6875, val_top1=0.5500, val_top5=0.8650).
2026-08-26 09:49:51 | INFO    | cicps.checkpoint | Saved checkpoint to D:\Projects\cicps-augmentation\outputs\experiment_0b\checkpoints\baseline_color_jitter\last.pt (epoch 2, train_loss=1.4072, train_top1=0.6780, train_top5=0.9264, val_loss=1.6875, val_top1=0.5500, val_top5=0.8650).
2026-08-26 09:50:10 | INFO    | cicps.trainer | [baseline_color_jitter] epoch  4/20 | lr 2.92e-04 | train loss 0.9616 top1 0.7785 top5 0.9637 | val loss 1.5743 top1 0.5667 top5 0.8750 | 19.1s
2026-08-26 09:50:11 | INFO    | cicps.checkpoint | Saved checkpoint to D:\Projects\cicps-augmentation\outputs\experiment_0b\checkpoints\baseline_color_jitter\best.pt (epoch 3, train_loss=0.9616, train_top1=0.7785, train_top5=0.9637, val_loss=1.5743, val_top1=0.5667, val_top5=0.8750).
2026-08-26 09:50:11 | INFO    | cicps.checkpoint | Saved checkpoint to D:\Projects\cicps-augmentation\outputs\experiment_0b\checkpoints\baseline_color_jitter\last.pt (epoch 3, train_loss=0.9616, train_top1=0.7785, train_top5=0.9637, val_loss=1.5743, val_top1=0.5667, val_top5=0.8750).
2026-08-26 09:50:29 | INFO    | cicps.trainer | [baseline_color_jitter] epoch  5/20 | lr 2.82e-04 | train loss 0.6756 top1 0.8435 top5 0.9844 | val loss 1.3558 top1 0.6283 top5 0.8833 | 18.4s
2026-08-26 09:50:30 | INFO    | cicps.checkpoint | Saved checkpoint to D:\Projects\cicps-augmentation\outputs\experiment_0b\checkpoints\baseline_color_jitter\best.pt (epoch 4, train_loss=0.6756, train_top1=0.8435, train_top5=0.9844, val_loss=1.3558, val_top1=0.6283, val_top5=0.8833).
2026-08-26 09:50:30 | INFO    | cicps.checkpoint | Saved checkpoint to D:\Projects\cicps-augmentation\outputs\experiment_0b\checkpoints\baseline_color_jitter\last.pt (epoch 4, train_loss=0.6756, train_top1=0.8435, train_top5=0.9844, val_loss=1.3558, val_top1=0.6283, val_top5=0.8833).
2026-08-26 09:50:49 | INFO    | cicps.trainer | [baseline_color_jitter] epoch  6/20 | lr 2.68e-04 | train loss 0.4825 top1 0.8941 top5 0.9928 | val loss 1.4423 top1 0.6017 top5 0.8650 | 19.0s
2026-08-26 09:50:49 | INFO    | cicps.checkpoint | Saved checkpoint to D:\Projects\cicps-augmentation\outputs\experiment_0b\checkpoints\baseline_color_jitter\last.pt (epoch 5, train_loss=0.4825, train_top1=0.8941, train_top5=0.9928, val_loss=1.4423, val_top1=0.6017, val_top5=0.8650).
2026-08-26 09:51:08 | INFO    | cicps.trainer | [baseline_color_jitter] epoch  7/20 | lr 2.52e-04 | train loss 0.3442 top1 0.9347 top5 0.9967 | val loss 1.2949 top1 0.6733 top5 0.8900 | 19.1s
2026-08-26 09:51:08 | INFO    | cicps.checkpoint | Saved checkpoint to D:\Projects\cicps-augmentation\outputs\experiment_0b\checkpoints\baseline_color_jitter\best.pt (epoch 6, train_loss=0.3442, train_top1=0.9347, train_top5=0.9967, val_loss=1.2949, val_top1=0.6733, val_top5=0.8900).
2026-08-26 09:51:09 | INFO    | cicps.checkpoint | Saved checkpoint to D:\Projects\cicps-augmentation\outputs\experiment_0b\checkpoints\baseline_color_jitter\last.pt (epoch 6, train_loss=0.3442, train_top1=0.9347, train_top5=0.9967, val_loss=1.2949, val_top1=0.6733, val_top5=0.8900).
2026-08-26 09:51:28 | INFO    | cicps.trainer | [baseline_color_jitter] epoch  8/20 | lr 2.32e-04 | train loss 0.2426 top1 0.9574 top5 0.9985 | val loss 1.3267 top1 0.6467 top5 0.8933 | 19.4s
2026-08-26 09:51:28 | INFO    | cicps.checkpoint | Saved checkpoint to D:\Projects\cicps-augmentation\outputs\experiment_0b\checkpoints\baseline_color_jitter\last.pt (epoch 7, train_loss=0.2426, train_top1=0.9574, train_top5=0.9985, val_loss=1.3267, val_top1=0.6467, val_top5=0.8933).
2026-08-26 09:51:48 | INFO    | cicps.trainer | [baseline_color_jitter] epoch  9/20 | lr 2.11e-04 | train loss 0.1705 top1 0.9735 top5 0.9994 | val loss 1.1192 top1 0.6917 top5 0.9167 | 19.4s
2026-08-26 09:51:48 | INFO    | cicps.checkpoint | Saved checkpoint to D:\Projects\cicps-augmentation\outputs\experiment_0b\checkpoints\baseline_color_jitter\best.pt (epoch 8, train_loss=0.1705, train_top1=0.9735, train_top5=0.9994, val_loss=1.1192, val_top1=0.6917, val_top5=0.9167).
2026-08-26 09:51:48 | INFO    | cicps.checkpoint | Saved checkpoint to D:\Projects\cicps-augmentation\outputs\experiment_0b\checkpoints\baseline_color_jitter\last.pt (epoch 8, train_loss=0.1705, train_top1=0.9735, train_top5=0.9994, val_loss=1.1192, val_top1=0.6917, val_top5=0.9167).
2026-08-26 09:52:08 | INFO    | cicps.trainer | [baseline_color_jitter] epoch 10/20 | lr 1.87e-04 | train loss 0.1034 top1 0.9872 top5 0.9998 | val loss 1.1256 top1 0.7050 top5 0.9100 | 19.5s
2026-08-26 09:52:08 | INFO    | cicps.checkpoint | Saved checkpoint to D:\Projects\cicps-augmentation\outputs\experiment_0b\checkpoints\baseline_color_jitter\best.pt (epoch 9, train_loss=0.1034, train_top1=0.9872, train_top5=0.9998, val_loss=1.1256, val_top1=0.7050, val_top5=0.9100).
2026-08-26 09:52:08 | INFO    | cicps.checkpoint | Saved checkpoint to D:\Projects\cicps-augmentation\outputs\experiment_0b\checkpoints\baseline_color_jitter\last.pt (epoch 9, train_loss=0.1034, train_top1=0.9872, train_top5=0.9998, val_loss=1.1256, val_top1=0.7050, val_top5=0.9100).
2026-08-26 09:52:27 | INFO    | cicps.trainer | [baseline_color_jitter] epoch 11/20 | lr 1.63e-04 | train loss 0.0760 top1 0.9922 top5 1.0000 | val loss 1.1080 top1 0.6967 top5 0.9300 | 19.1s
2026-08-26 09:52:28 | INFO    | cicps.checkpoint | Saved checkpoint to D:\Projects\cicps-augmentation\outputs\experiment_0b\checkpoints\baseline_color_jitter\last.pt (epoch 10, train_loss=0.0760, train_top1=0.9922, train_top5=1.0000, val_loss=1.1080, val_top1=0.6967, val_top5=0.9300).
2026-08-26 09:52:47 | INFO    | cicps.trainer | [baseline_color_jitter] epoch 12/20 | lr 1.38e-04 | train loss 0.0503 top1 0.9978 top5 0.9998 | val loss 1.0234 top1 0.7183 top5 0.9217 | 19.2s
2026-08-26 09:52:47 | INFO    | cicps.checkpoint | Saved checkpoint to D:\Projects\cicps-augmentation\outputs\experiment_0b\checkpoints\baseline_color_jitter\best.pt (epoch 11, train_loss=0.0503, train_top1=0.9978, train_top5=0.9998, val_loss=1.0234, val_top1=0.7183, val_top5=0.9217).
2026-08-26 09:52:48 | INFO    | cicps.checkpoint | Saved checkpoint to D:\Projects\cicps-augmentation\outputs\experiment_0b\checkpoints\baseline_color_jitter\last.pt (epoch 11, train_loss=0.0503, train_top1=0.9978, train_top5=0.9998, val_loss=1.0234, val_top1=0.7183, val_top5=0.9217).
2026-08-26 09:53:08 | INFO    | cicps.trainer | [baseline_color_jitter] epoch 13/20 | lr 1.14e-04 | train loss 0.0409 top1 0.9976 top5 1.0000 | val loss 1.0173 top1 0.7050 top5 0.9267 | 20.2s
2026-08-26 09:53:08 | INFO    | cicps.checkpoint | Saved checkpoint to D:\Projects\cicps-augmentation\outputs\experiment_0b\checkpoints\baseline_color_jitter\last.pt (epoch 12, train_loss=0.0409, train_top1=0.9976, train_top5=1.0000, val_loss=1.0173, val_top1=0.7050, val_top5=0.9267).
2026-08-26 09:53:28 | INFO    | cicps.trainer | [baseline_color_jitter] epoch 14/20 | lr 9.04e-05 | train loss 0.0344 top1 0.9980 top5 1.0000 | val loss 1.0350 top1 0.7233 top5 0.9283 | 19.7s
2026-08-26 09:53:28 | INFO    | cicps.checkpoint | Saved checkpoint to D:\Projects\cicps-augmentation\outputs\experiment_0b\checkpoints\baseline_color_jitter\best.pt (epoch 13, train_loss=0.0344, train_top1=0.9980, train_top5=1.0000, val_loss=1.0350, val_top1=0.7233, val_top5=0.9283).
2026-08-26 09:53:28 | INFO    | cicps.checkpoint | Saved checkpoint to D:\Projects\cicps-augmentation\outputs\experiment_0b\checkpoints\baseline_color_jitter\last.pt (epoch 13, train_loss=0.0344, train_top1=0.9980, train_top5=1.0000, val_loss=1.0350, val_top1=0.7233, val_top5=0.9283).
2026-08-26 09:53:48 | INFO    | cicps.trainer | [baseline_color_jitter] epoch 15/20 | lr 6.87e-05 | train loss 0.0250 top1 0.9994 top5 1.0000 | val loss 1.0292 top1 0.7300 top5 0.9233 | 19.5s
2026-08-26 09:53:48 | INFO    | cicps.checkpoint | Saved checkpoint to D:\Projects\cicps-augmentation\outputs\experiment_0b\checkpoints\baseline_color_jitter\best.pt (epoch 14, train_loss=0.0250, train_top1=0.9994, train_top5=1.0000, val_loss=1.0292, val_top1=0.7300, val_top5=0.9233).
2026-08-26 09:53:48 | INFO    | cicps.checkpoint | Saved checkpoint to D:\Projects\cicps-augmentation\outputs\experiment_0b\checkpoints\baseline_color_jitter\last.pt (epoch 14, train_loss=0.0250, train_top1=0.9994, train_top5=1.0000, val_loss=1.0292, val_top1=0.7300, val_top5=0.9233).
2026-08-26 09:54:08 | INFO    | cicps.trainer | [baseline_color_jitter] epoch 16/20 | lr 4.92e-05 | train loss 0.0208 top1 0.9996 top5 1.0000 | val loss 1.0069 top1 0.7383 top5 0.9183 | 19.6s
2026-08-26 09:54:08 | INFO    | cicps.checkpoint | Saved checkpoint to D:\Projects\cicps-augmentation\outputs\experiment_0b\checkpoints\baseline_color_jitter\best.pt (epoch 15, train_loss=0.0208, train_top1=0.9996, train_top5=1.0000, val_loss=1.0069, val_top1=0.7383, val_top5=0.9183).
2026-08-26 09:54:08 | INFO    | cicps.checkpoint | Saved checkpoint to D:\Projects\cicps-augmentation\outputs\experiment_0b\checkpoints\baseline_color_jitter\last.pt (epoch 15, train_loss=0.0208, train_top1=0.9996, train_top5=1.0000, val_loss=1.0069, val_top1=0.7383, val_top5=0.9183).
2026-08-26 09:54:28 | INFO    | cicps.trainer | [baseline_color_jitter] epoch 17/20 | lr 3.25e-05 | train loss 0.0202 top1 0.9994 top5 0.9998 | val loss 0.9958 top1 0.7283 top5 0.9250 | 19.8s
2026-08-26 09:54:28 | INFO    | cicps.checkpoint | Saved checkpoint to D:\Projects\cicps-augmentation\outputs\experiment_0b\checkpoints\baseline_color_jitter\last.pt (epoch 16, train_loss=0.0202, train_top1=0.9994, train_top5=0.9998, val_loss=0.9958, val_top1=0.7283, val_top5=0.9250).
2026-08-26 09:54:48 | INFO    | cicps.trainer | [baseline_color_jitter] epoch 18/20 | lr 1.90e-05 | train loss 0.0189 top1 0.9998 top5 1.0000 | val loss 0.9919 top1 0.7317 top5 0.9250 | 19.6s
2026-08-26 09:54:48 | INFO    | cicps.checkpoint | Saved checkpoint to D:\Projects\cicps-augmentation\outputs\experiment_0b\checkpoints\baseline_color_jitter\last.pt (epoch 17, train_loss=0.0189, train_top1=0.9998, train_top5=1.0000, val_loss=0.9919, val_top1=0.7317, val_top5=0.9250).
2026-08-26 09:55:08 | INFO    | cicps.trainer | [baseline_color_jitter] epoch 19/20 | lr 9.10e-06 | train loss 0.0186 top1 0.9996 top5 1.0000 | val loss 0.9951 top1 0.7300 top5 0.9250 | 19.8s
2026-08-26 09:55:08 | INFO    | cicps.checkpoint | Saved checkpoint to D:\Projects\cicps-augmentation\outputs\experiment_0b\checkpoints\baseline_color_jitter\last.pt (epoch 18, train_loss=0.0186, train_top1=0.9996, train_top5=1.0000, val_loss=0.9951, val_top1=0.7300, val_top5=0.9250).
2026-08-26 09:55:28 | INFO    | cicps.trainer | [baseline_color_jitter] epoch 20/20 | lr 3.04e-06 | train loss 0.0169 top1 0.9998 top5 1.0000 | val loss 0.9947 top1 0.7350 top5 0.9267 | 19.7s
2026-08-26 09:55:28 | INFO    | cicps.checkpoint | Saved checkpoint to D:\Projects\cicps-augmentation\outputs\experiment_0b\checkpoints\baseline_color_jitter\last.pt (epoch 19, train_loss=0.0169, train_top1=0.9998, train_top5=1.0000, val_loss=0.9947, val_top1=0.7350, val_top5=0.9267).
2026-08-26 09:55:28 | INFO    | cicps.trainer | Wrote training history to D:\Projects\cicps-augmentation\outputs\experiment_0b\logs\history\baseline_color_jitter.csv
2026-08-26 09:55:28 | INFO    | cicps.trainer | [baseline_color_jitter] best val_top1 = 0.7383 at epoch 16; best checkpoint: D:\Projects\cicps-augmentation\outputs\experiment_0b\checkpoints\baseline_color_jitter\best.pt
