2026-08-26 10:05:23 | INFO    | cicps | Also logging this run to D:\Projects\cicps-augmentation\outputs\experiment_0b\logs\train_baseline_crop.log
2026-08-26 10:05:23 | INFO    | cicps.train_policies | policy       : baseline_crop
2026-08-26 10:05:23 | INFO    | cicps.train_policies | description  : Standard recipe with Experiment 0A's stronger crop parameters substituted for the baseline crop parameters on a p fraction of images. The baseline already contains a RandomResizedCrop, so this arm changes crop STRENGTH rather than adding a second crop.
2026-08-26 10:05:23 | INFO    | cicps.train_policies | audit link   : random_resized_crop
2026-08-26 10:05:23 | INFO    | cicps.train_policies | master seed  : 42 -> resolved policy seed 1179721965
2026-08-26 10:05:23 | INFO    | cicps.train_policies | device       : cuda
2026-08-26 10:05:23 | INFO    | cicps.train_policies | split        : fingerprint 2c3a0390542d2a57 (seed 42)
2026-08-26 10:05:23 | INFO    | cicps.train_policies | train / val  : 5394 / 600 images
2026-08-26 10:05:23 | INFO    | cicps.train_policies | architecture : resnet18 (weights IMAGENET1K_V1, pretrained=True)
2026-08-26 10:05:23 | INFO    | cicps.train_policies | optimizer    : adamw lr=0.0003 weight_decay=0.05
2026-08-26 10:05:23 | INFO    | cicps.train_policies | scheduler    : cosine (warmup 1 epochs, min_lr 1e-06)
2026-08-26 10:05:23 | INFO    | cicps.train_policies | budget       : 20 epochs, batch_size 32, monitor val_top1 (max)
2026-08-26 10:05:23 | INFO    | cicps.train_policies | pipeline     : {"crop": {"kind": "probabilistic_choice", "probability": 0.5, "baseline": {"kind": "RandomResizedCrop", "repr": "RandomResizedCrop(size=(224, 224), scale=(0.7, 1.0), ratio=(0.75, 1.3333), interpolation=bilinear, antialias=True)", "size": [224, 224], "scale": [0.7, 1.0], "ratio": [0.75, 1.3333]}, "alternate": {"kind": "RandomResizedCrop", "repr": "RandomResizedCrop(size=(224, 224), scale=(0.5, 0.9), ratio=(0.75, 1.3333), interpolation=bilinear, antialias=True)", "size": [224, 224], "scale": [0.5, 0.9], "ratio": [0.75, 1.3333]}}, "flip": {"kind": "RandomHorizontalFlip", "repr": "RandomHorizontalFlip(p=0.5)", "p": 0.5}, "normalize": {"mean": [0.485, 0.456, 0.406], "std": [0.229, 0.224, 0.225]}, "added_transform": null}
2026-08-26 10:05:23 | INFO    | cicps.train_policies | Seeding model initialisation from the master seed 42 so every policy starts identically.
2026-08-26 10:05:23 | INFO    | cicps.seeding | Re-seeded RNGs for this run with seed 42.
2026-08-26 10:05:23 | INFO    | cicps.factory | Built resnet18 (pretrained=True, weights=IMAGENET1K_V1, feature_dim=512, num_classes=200, params=11.28M).
2026-08-26 10:05:23 | INFO    | cicps.trainer | Train loader: 5394 images, batch_size=32, workers=4.
2026-08-26 10:05:23 | INFO    | cicps.trainer | Val loader: 600 images, batch_size=64, workers=4.
2026-08-26 10:05:23 | INFO    | cicps.train_policies | Handing the RNG to this policy's own stream (seed 1179721965) for shuffling and augmentation sampling.
2026-08-26 10:05:23 | INFO    | cicps.seeding | Re-seeded RNGs for this run with seed 1179721965.
2026-08-26 10:05:23 | INFO    | cicps.trainer | Training run 'baseline_crop' for 20 epoch(s) on cuda (seed 1179721965).
2026-08-26 10:06:20 | INFO    | cicps.trainer | [baseline_crop] epoch  1/20 | lr 3.00e-04 | train loss 3.7655 top1 0.2364 top5 0.5026 | val loss 2.5890 top1 0.3967 top5 0.7433 | 56.6s
2026-08-26 10:06:20 | INFO    | cicps.checkpoint | Saved checkpoint to D:\Projects\cicps-augmentation\outputs\experiment_0b\checkpoints\baseline_crop\best.pt (epoch 0, train_loss=3.7655, train_top1=0.2364, train_top5=0.5026, val_loss=2.5890, val_top1=0.3967, val_top5=0.7433).
2026-08-26 10:06:20 | INFO    | cicps.checkpoint | Saved checkpoint to D:\Projects\cicps-augmentation\outputs\experiment_0b\checkpoints\baseline_crop\last.pt (epoch 0, train_loss=3.7655, train_top1=0.2364, train_top5=0.5026, val_loss=2.5890, val_top1=0.3967, val_top5=0.7433).
2026-08-26 10:06:35 | INFO    | cicps.trainer | [baseline_crop] epoch  2/20 | lr 3.00e-04 | train loss 1.9117 top1 0.5755 top5 0.8776 | val loss 1.8659 top1 0.5317 top5 0.8483 | 14.8s
2026-08-26 10:06:35 | INFO    | cicps.checkpoint | Saved checkpoint to D:\Projects\cicps-augmentation\outputs\experiment_0b\checkpoints\baseline_crop\best.pt (epoch 1, train_loss=1.9117, train_top1=0.5755, train_top5=0.8776, val_loss=1.8659, val_top1=0.5317, val_top5=0.8483).
2026-08-26 10:06:35 | INFO    | cicps.checkpoint | Saved checkpoint to D:\Projects\cicps-augmentation\outputs\experiment_0b\checkpoints\baseline_crop\last.pt (epoch 1, train_loss=1.9117, train_top1=0.5755, train_top5=0.8776, val_loss=1.8659, val_top1=0.5317, val_top5=0.8483).
2026-08-26 10:06:52 | INFO    | cicps.trainer | [baseline_crop] epoch  3/20 | lr 2.98e-04 | train loss 1.2053 top1 0.7293 top5 0.9455 | val loss 1.6831 top1 0.5600 top5 0.8483 | 16.6s
2026-08-26 10:06:52 | INFO    | cicps.checkpoint | Saved checkpoint to D:\Projects\cicps-augmentation\outputs\experiment_0b\checkpoints\baseline_crop\best.pt (epoch 2, train_loss=1.2053, train_top1=0.7293, train_top5=0.9455, val_loss=1.6831, val_top1=0.5600, val_top5=0.8483).
2026-08-26 10:06:52 | INFO    | cicps.checkpoint | Saved checkpoint to D:\Projects\cicps-augmentation\outputs\experiment_0b\checkpoints\baseline_crop\last.pt (epoch 2, train_loss=1.2053, train_top1=0.7293, train_top5=0.9455, val_loss=1.6831, val_top1=0.5600, val_top5=0.8483).
2026-08-26 10:07:11 | INFO    | cicps.trainer | [baseline_crop] epoch  4/20 | lr 2.92e-04 | train loss 0.8278 top1 0.8154 top5 0.9716 | val loss 1.3417 top1 0.6350 top5 0.9083 | 18.2s
2026-08-26 10:07:11 | INFO    | cicps.checkpoint | Saved checkpoint to D:\Projects\cicps-augmentation\outputs\experiment_0b\checkpoints\baseline_crop\best.pt (epoch 3, train_loss=0.8278, train_top1=0.8154, train_top5=0.9716, val_loss=1.3417, val_top1=0.6350, val_top5=0.9083).
2026-08-26 10:07:11 | INFO    | cicps.checkpoint | Saved checkpoint to D:\Projects\cicps-augmentation\outputs\experiment_0b\checkpoints\baseline_crop\last.pt (epoch 3, train_loss=0.8278, train_top1=0.8154, train_top5=0.9716, val_loss=1.3417, val_top1=0.6350, val_top5=0.9083).
2026-08-26 10:07:30 | INFO    | cicps.trainer | [baseline_crop] epoch  5/20 | lr 2.82e-04 | train loss 0.5770 top1 0.8717 top5 0.9861 | val loss 1.2533 top1 0.6750 top5 0.9117 | 19.1s
2026-08-26 10:07:30 | INFO    | cicps.checkpoint | Saved checkpoint to D:\Projects\cicps-augmentation\outputs\experiment_0b\checkpoints\baseline_crop\best.pt (epoch 4, train_loss=0.5770, train_top1=0.8717, train_top5=0.9861, val_loss=1.2533, val_top1=0.6750, val_top5=0.9117).
2026-08-26 10:07:31 | INFO    | cicps.checkpoint | Saved checkpoint to D:\Projects\cicps-augmentation\outputs\experiment_0b\checkpoints\baseline_crop\last.pt (epoch 4, train_loss=0.5770, train_top1=0.8717, train_top5=0.9861, val_loss=1.2533, val_top1=0.6750, val_top5=0.9117).
2026-08-26 10:07:49 | INFO    | cicps.trainer | [baseline_crop] epoch  6/20 | lr 2.68e-04 | train loss 0.4040 top1 0.9149 top5 0.9944 | val loss 1.2066 top1 0.6767 top5 0.9083 | 18.7s
2026-08-26 10:07:50 | INFO    | cicps.checkpoint | Saved checkpoint to D:\Projects\cicps-augmentation\outputs\experiment_0b\checkpoints\baseline_crop\best.pt (epoch 5, train_loss=0.4040, train_top1=0.9149, train_top5=0.9944, val_loss=1.2066, val_top1=0.6767, val_top5=0.9083).
2026-08-26 10:07:50 | INFO    | cicps.checkpoint | Saved checkpoint to D:\Projects\cicps-augmentation\outputs\experiment_0b\checkpoints\baseline_crop\last.pt (epoch 5, train_loss=0.4040, train_top1=0.9149, train_top5=0.9944, val_loss=1.2066, val_top1=0.6767, val_top5=0.9083).
2026-08-26 10:08:08 | INFO    | cicps.trainer | [baseline_crop] epoch  7/20 | lr 2.52e-04 | train loss 0.2901 top1 0.9414 top5 0.9968 | val loss 1.1577 top1 0.7000 top5 0.9133 | 18.8s
2026-08-26 10:08:09 | INFO    | cicps.checkpoint | Saved checkpoint to D:\Projects\cicps-augmentation\outputs\experiment_0b\checkpoints\baseline_crop\best.pt (epoch 6, train_loss=0.2901, train_top1=0.9414, train_top5=0.9968, val_loss=1.1577, val_top1=0.7000, val_top5=0.9133).
2026-08-26 10:08:09 | INFO    | cicps.checkpoint | Saved checkpoint to D:\Projects\cicps-augmentation\outputs\experiment_0b\checkpoints\baseline_crop\last.pt (epoch 6, train_loss=0.2901, train_top1=0.9414, train_top5=0.9968, val_loss=1.1577, val_top1=0.7000, val_top5=0.9133).
2026-08-26 10:08:28 | INFO    | cicps.trainer | [baseline_crop] epoch  8/20 | lr 2.32e-04 | train loss 0.1999 top1 0.9629 top5 0.9983 | val loss 1.1516 top1 0.6817 top5 0.9233 | 19.3s
2026-08-26 10:08:28 | INFO    | cicps.checkpoint | Saved checkpoint to D:\Projects\cicps-augmentation\outputs\experiment_0b\checkpoints\baseline_crop\last.pt (epoch 7, train_loss=0.1999, train_top1=0.9629, train_top5=0.9983, val_loss=1.1516, val_top1=0.6817, val_top5=0.9233).
2026-08-26 10:08:48 | INFO    | cicps.trainer | [baseline_crop] epoch  9/20 | lr 2.11e-04 | train loss 0.1407 top1 0.9768 top5 0.9991 | val loss 1.0394 top1 0.7200 top5 0.9233 | 19.3s
2026-08-26 10:08:48 | INFO    | cicps.checkpoint | Saved checkpoint to D:\Projects\cicps-augmentation\outputs\experiment_0b\checkpoints\baseline_crop\best.pt (epoch 8, train_loss=0.1407, train_top1=0.9768, train_top5=0.9991, val_loss=1.0394, val_top1=0.7200, val_top5=0.9233).
2026-08-26 10:08:48 | INFO    | cicps.checkpoint | Saved checkpoint to D:\Projects\cicps-augmentation\outputs\experiment_0b\checkpoints\baseline_crop\last.pt (epoch 8, train_loss=0.1407, train_top1=0.9768, train_top5=0.9991, val_loss=1.0394, val_top1=0.7200, val_top5=0.9233).
2026-08-26 10:19:05 | INFO    | cicps.trainer | [baseline_crop] epoch 10/20 | lr 1.87e-04 | train loss 0.1018 top1 0.9883 top5 0.9985 | val loss 1.0001 top1 0.7417 top5 0.9300 | 616.9s
2026-08-26 10:19:06 | INFO    | cicps.checkpoint | Saved checkpoint to D:\Projects\cicps-augmentation\outputs\experiment_0b\checkpoints\baseline_crop\best.pt (epoch 9, train_loss=0.1018, train_top1=0.9883, train_top5=0.9985, val_loss=1.0001, val_top1=0.7417, val_top5=0.9300).
2026-08-26 10:19:06 | INFO    | cicps.checkpoint | Saved checkpoint to D:\Projects\cicps-augmentation\outputs\experiment_0b\checkpoints\baseline_crop\last.pt (epoch 9, train_loss=0.1018, train_top1=0.9883, train_top5=0.9985, val_loss=1.0001, val_top1=0.7417, val_top5=0.9300).
2026-08-26 10:19:23 | INFO    | cicps.trainer | [baseline_crop] epoch 11/20 | lr 1.63e-04 | train loss 0.0826 top1 0.9909 top5 0.9980 | val loss 1.0154 top1 0.7383 top5 0.9317 | 16.9s
2026-08-26 10:19:23 | INFO    | cicps.checkpoint | Saved checkpoint to D:\Projects\cicps-augmentation\outputs\experiment_0b\checkpoints\baseline_crop\last.pt (epoch 10, train_loss=0.0826, train_top1=0.9909, train_top5=0.9980, val_loss=1.0154, val_top1=0.7383, val_top5=0.9317).
2026-08-26 10:19:37 | INFO    | cicps.trainer | [baseline_crop] epoch 12/20 | lr 1.38e-04 | train loss 0.0519 top1 0.9957 top5 0.9994 | val loss 0.9190 top1 0.7500 top5 0.9417 | 14.4s
2026-08-26 10:19:38 | INFO    | cicps.checkpoint | Saved checkpoint to D:\Projects\cicps-augmentation\outputs\experiment_0b\checkpoints\baseline_crop\best.pt (epoch 11, train_loss=0.0519, train_top1=0.9957, train_top5=0.9994, val_loss=0.9190, val_top1=0.7500, val_top5=0.9417).
2026-08-26 10:19:38 | INFO    | cicps.checkpoint | Saved checkpoint to D:\Projects\cicps-augmentation\outputs\experiment_0b\checkpoints\baseline_crop\last.pt (epoch 11, train_loss=0.0519, train_top1=0.9957, train_top5=0.9994, val_loss=0.9190, val_top1=0.7500, val_top5=0.9417).
2026-08-26 10:19:52 | INFO    | cicps.trainer | [baseline_crop] epoch 13/20 | lr 1.14e-04 | train loss 0.0401 top1 0.9961 top5 0.9996 | val loss 0.8977 top1 0.7583 top5 0.9367 | 14.0s
2026-08-26 10:19:52 | INFO    | cicps.checkpoint | Saved checkpoint to D:\Projects\cicps-augmentation\outputs\experiment_0b\checkpoints\baseline_crop\best.pt (epoch 12, train_loss=0.0401, train_top1=0.9961, train_top5=0.9996, val_loss=0.8977, val_top1=0.7583, val_top5=0.9367).
2026-08-26 10:19:52 | INFO    | cicps.checkpoint | Saved checkpoint to D:\Projects\cicps-augmentation\outputs\experiment_0b\checkpoints\baseline_crop\last.pt (epoch 12, train_loss=0.0401, train_top1=0.9961, train_top5=0.9996, val_loss=0.8977, val_top1=0.7583, val_top5=0.9367).
2026-08-26 10:20:07 | INFO    | cicps.trainer | [baseline_crop] epoch 14/20 | lr 9.04e-05 | train loss 0.0344 top1 0.9974 top5 1.0000 | val loss 0.9012 top1 0.7700 top5 0.9383 | 15.0s
2026-08-26 10:20:07 | INFO    | cicps.checkpoint | Saved checkpoint to D:\Projects\cicps-augmentation\outputs\experiment_0b\checkpoints\baseline_crop\best.pt (epoch 13, train_loss=0.0344, train_top1=0.9974, train_top5=1.0000, val_loss=0.9012, val_top1=0.7700, val_top5=0.9383).
2026-08-26 10:20:08 | INFO    | cicps.checkpoint | Saved checkpoint to D:\Projects\cicps-augmentation\outputs\experiment_0b\checkpoints\baseline_crop\last.pt (epoch 13, train_loss=0.0344, train_top1=0.9974, train_top5=1.0000, val_loss=0.9012, val_top1=0.7700, val_top5=0.9383).
2026-08-26 10:20:23 | INFO    | cicps.trainer | [baseline_crop] epoch 15/20 | lr 6.87e-05 | train loss 0.0292 top1 0.9978 top5 0.9998 | val loss 0.9024 top1 0.7633 top5 0.9367 | 15.5s
2026-08-26 10:20:23 | INFO    | cicps.checkpoint | Saved checkpoint to D:\Projects\cicps-augmentation\outputs\experiment_0b\checkpoints\baseline_crop\last.pt (epoch 14, train_loss=0.0292, train_top1=0.9978, train_top5=0.9998, val_loss=0.9024, val_top1=0.7633, val_top5=0.9367).
2026-08-26 10:20:39 | INFO    | cicps.trainer | [baseline_crop] epoch 16/20 | lr 4.92e-05 | train loss 0.0251 top1 0.9981 top5 0.9996 | val loss 0.8893 top1 0.7717 top5 0.9383 | 15.9s
2026-08-26 10:20:40 | INFO    | cicps.checkpoint | Saved checkpoint to D:\Projects\cicps-augmentation\outputs\experiment_0b\checkpoints\baseline_crop\best.pt (epoch 15, train_loss=0.0251, train_top1=0.9981, train_top5=0.9996, val_loss=0.8893, val_top1=0.7717, val_top5=0.9383).
2026-08-26 10:20:40 | INFO    | cicps.checkpoint | Saved checkpoint to D:\Projects\cicps-augmentation\outputs\experiment_0b\checkpoints\baseline_crop\last.pt (epoch 15, train_loss=0.0251, train_top1=0.9981, train_top5=0.9996, val_loss=0.8893, val_top1=0.7717, val_top5=0.9383).
2026-08-26 10:20:56 | INFO    | cicps.trainer | [baseline_crop] epoch 17/20 | lr 3.25e-05 | train loss 0.0208 top1 0.9993 top5 0.9998 | val loss 0.8760 top1 0.7733 top5 0.9433 | 16.2s
2026-08-26 10:20:56 | INFO    | cicps.checkpoint | Saved checkpoint to D:\Projects\cicps-augmentation\outputs\experiment_0b\checkpoints\baseline_crop\best.pt (epoch 16, train_loss=0.0208, train_top1=0.9993, train_top5=0.9998, val_loss=0.8760, val_top1=0.7733, val_top5=0.9433).
2026-08-26 10:20:57 | INFO    | cicps.checkpoint | Saved checkpoint to D:\Projects\cicps-augmentation\outputs\experiment_0b\checkpoints\baseline_crop\last.pt (epoch 16, train_loss=0.0208, train_top1=0.9993, train_top5=0.9998, val_loss=0.8760, val_top1=0.7733, val_top5=0.9433).
2026-08-26 10:21:13 | INFO    | cicps.trainer | [baseline_crop] epoch 18/20 | lr 1.90e-05 | train loss 0.0201 top1 0.9983 top5 0.9998 | val loss 0.8797 top1 0.7800 top5 0.9383 | 16.4s
2026-08-26 10:21:13 | INFO    | cicps.checkpoint | Saved checkpoint to D:\Projects\cicps-augmentation\outputs\experiment_0b\checkpoints\baseline_crop\best.pt (epoch 17, train_loss=0.0201, train_top1=0.9983, train_top5=0.9998, val_loss=0.8797, val_top1=0.7800, val_top5=0.9383).
2026-08-26 10:21:14 | INFO    | cicps.checkpoint | Saved checkpoint to D:\Projects\cicps-augmentation\outputs\experiment_0b\checkpoints\baseline_crop\last.pt (epoch 17, train_loss=0.0201, train_top1=0.9983, train_top5=0.9998, val_loss=0.8797, val_top1=0.7800, val_top5=0.9383).
2026-08-26 10:21:30 | INFO    | cicps.trainer | [baseline_crop] epoch 19/20 | lr 9.10e-06 | train loss 0.0239 top1 0.9981 top5 0.9994 | val loss 0.8733 top1 0.7867 top5 0.9417 | 16.7s
2026-08-26 10:21:31 | INFO    | cicps.checkpoint | Saved checkpoint to D:\Projects\cicps-augmentation\outputs\experiment_0b\checkpoints\baseline_crop\best.pt (epoch 18, train_loss=0.0239, train_top1=0.9981, train_top5=0.9994, val_loss=0.8733, val_top1=0.7867, val_top5=0.9417).
2026-08-26 10:21:31 | INFO    | cicps.checkpoint | Saved checkpoint to D:\Projects\cicps-augmentation\outputs\experiment_0b\checkpoints\baseline_crop\last.pt (epoch 18, train_loss=0.0239, train_top1=0.9981, train_top5=0.9994, val_loss=0.8733, val_top1=0.7867, val_top5=0.9417).
2026-08-26 10:21:48 | INFO    | cicps.trainer | [baseline_crop] epoch 20/20 | lr 3.04e-06 | train loss 0.0187 top1 0.9991 top5 0.9998 | val loss 0.8632 top1 0.7867 top5 0.9417 | 17.0s
2026-08-26 10:21:48 | INFO    | cicps.checkpoint | Saved checkpoint to D:\Projects\cicps-augmentation\outputs\experiment_0b\checkpoints\baseline_crop\last.pt (epoch 19, train_loss=0.0187, train_top1=0.9991, train_top5=0.9998, val_loss=0.8632, val_top1=0.7867, val_top5=0.9417).
2026-08-26 10:21:48 | INFO    | cicps.trainer | Wrote training history to D:\Projects\cicps-augmentation\outputs\experiment_0b\logs\history\baseline_crop.csv
2026-08-26 10:21:48 | INFO    | cicps.trainer | [baseline_crop] best val_top1 = 0.7867 at epoch 19; best checkpoint: D:\Projects\cicps-augmentation\outputs\experiment_0b\checkpoints\baseline_crop\best.pt
