2026-08-26 09:41:25 | INFO    | cicps | Also logging this run to D:\Projects\cicps-augmentation\outputs\experiment_0b\logs\train_baseline.log
2026-08-26 09:41:25 | INFO    | cicps.train_policies | policy       : baseline
2026-08-26 09:41:25 | INFO    | cicps.train_policies | description  : Reference arm. The standard recipe only: RandomResizedCrop(0.7-1.0) + HorizontalFlip(p=0.5). No audited transformation is added.
2026-08-26 09:41:25 | INFO    | cicps.train_policies | audit link   : (reference arm)
2026-08-26 09:41:25 | INFO    | cicps.train_policies | master seed  : 42 -> resolved policy seed 1880975077
2026-08-26 09:41:25 | INFO    | cicps.train_policies | device       : cuda
2026-08-26 09:41:25 | INFO    | cicps.train_policies | split        : fingerprint 2c3a0390542d2a57 (seed 42)
2026-08-26 09:41:25 | INFO    | cicps.train_policies | train / val  : 5394 / 600 images
2026-08-26 09:41:25 | INFO    | cicps.train_policies | architecture : resnet18 (weights IMAGENET1K_V1, pretrained=True)
2026-08-26 09:41:25 | INFO    | cicps.train_policies | optimizer    : adamw lr=0.0003 weight_decay=0.05
2026-08-26 09:41:25 | INFO    | cicps.train_policies | scheduler    : cosine (warmup 1 epochs, min_lr 1e-06)
2026-08-26 09:41:25 | INFO    | cicps.train_policies | budget       : 20 epochs, batch_size 32, monitor val_top1 (max)
2026-08-26 09:41:25 | INFO    | cicps.train_policies | pipeline     : {"crop": {"kind": "RandomResizedCrop", "repr": "RandomResizedCrop(size=(224, 224), scale=(0.7, 1.0), ratio=(0.75, 1.3333), interpolation=bilinear, antialias=True)", "size": [224, 224], "scale": [0.7, 1.0], "ratio": [0.75, 1.3333]}, "flip": {"kind": "RandomHorizontalFlip", "repr": "RandomHorizontalFlip(p=0.5)", "p": 0.5}, "normalize": {"mean": [0.485, 0.456, 0.406], "std": [0.229, 0.224, 0.225]}, "added_transform": null}
2026-08-26 09:41:25 | INFO    | cicps.train_policies | Seeding model initialisation from the master seed 42 so every policy starts identically.
2026-08-26 09:41:25 | INFO    | cicps.seeding | Re-seeded RNGs for this run with seed 42.
2026-08-26 09:41:25 | INFO    | cicps.factory | Built resnet18 (pretrained=True, weights=IMAGENET1K_V1, feature_dim=512, num_classes=200, params=11.28M).
2026-08-26 09:41:25 | INFO    | cicps.trainer | Train loader: 5394 images, batch_size=32, workers=4.
2026-08-26 09:41:25 | INFO    | cicps.trainer | Val loader: 600 images, batch_size=64, workers=4.
2026-08-26 09:41:25 | INFO    | cicps.train_policies | Handing the RNG to this policy's own stream (seed 1880975077) for shuffling and augmentation sampling.
2026-08-26 09:41:25 | INFO    | cicps.seeding | Re-seeded RNGs for this run with seed 1880975077.
2026-08-26 09:41:25 | INFO    | cicps.trainer | Training run 'baseline' for 20 epoch(s) on cuda (seed 1880975077).
2026-08-26 09:42:23 | INFO    | cicps.trainer | [baseline] epoch  1/20 | lr 3.00e-04 | train loss 3.7798 top1 0.2343 top5 0.4959 | val loss 2.4829 top1 0.4200 top5 0.7833 | 57.5s
2026-08-26 09:42:24 | INFO    | cicps.checkpoint | Saved checkpoint to D:\Projects\cicps-augmentation\outputs\experiment_0b\checkpoints\baseline\best.pt (epoch 0, train_loss=3.7798, train_top1=0.2343, train_top5=0.4959, val_loss=2.4829, val_top1=0.4200, val_top5=0.7833).
2026-08-26 09:42:24 | INFO    | cicps.checkpoint | Saved checkpoint to D:\Projects\cicps-augmentation\outputs\experiment_0b\checkpoints\baseline\last.pt (epoch 0, train_loss=3.7798, train_top1=0.2343, train_top5=0.4959, val_loss=2.4829, val_top1=0.4200, val_top5=0.7833).
2026-08-26 09:42:39 | INFO    | cicps.trainer | [baseline] epoch  2/20 | lr 3.00e-04 | train loss 1.8853 top1 0.5908 top5 0.8767 | val loss 1.8298 top1 0.5750 top5 0.8533 | 14.3s
2026-08-26 09:42:39 | INFO    | cicps.checkpoint | Saved checkpoint to D:\Projects\cicps-augmentation\outputs\experiment_0b\checkpoints\baseline\best.pt (epoch 1, train_loss=1.8853, train_top1=0.5908, train_top5=0.8767, val_loss=1.8298, val_top1=0.5750, val_top5=0.8533).
2026-08-26 09:42:40 | INFO    | cicps.checkpoint | Saved checkpoint to D:\Projects\cicps-augmentation\outputs\experiment_0b\checkpoints\baseline\last.pt (epoch 1, train_loss=1.8853, train_top1=0.5908, train_top5=0.8767, val_loss=1.8298, val_top1=0.5750, val_top5=0.8533).
2026-08-26 09:42:54 | INFO    | cicps.trainer | [baseline] epoch  3/20 | lr 2.98e-04 | train loss 1.1490 top1 0.7447 top5 0.9529 | val loss 1.5061 top1 0.6083 top5 0.8567 | 14.1s
2026-08-26 09:42:55 | INFO    | cicps.checkpoint | Saved checkpoint to D:\Projects\cicps-augmentation\outputs\experiment_0b\checkpoints\baseline\best.pt (epoch 2, train_loss=1.1490, train_top1=0.7447, train_top5=0.9529, val_loss=1.5061, val_top1=0.6083, val_top5=0.8567).
2026-08-26 09:42:56 | INFO    | cicps.checkpoint | Saved checkpoint to D:\Projects\cicps-augmentation\outputs\experiment_0b\checkpoints\baseline\last.pt (epoch 2, train_loss=1.1490, train_top1=0.7447, train_top5=0.9529, val_loss=1.5061, val_top1=0.6083, val_top5=0.8567).
2026-08-26 09:43:11 | INFO    | cicps.trainer | [baseline] epoch  4/20 | lr 2.92e-04 | train loss 0.7527 top1 0.8319 top5 0.9813 | val loss 1.3447 top1 0.6467 top5 0.8983 | 15.3s
2026-08-26 09:43:12 | INFO    | cicps.checkpoint | Saved checkpoint to D:\Projects\cicps-augmentation\outputs\experiment_0b\checkpoints\baseline\best.pt (epoch 3, train_loss=0.7527, train_top1=0.8319, train_top5=0.9813, val_loss=1.3447, val_top1=0.6467, val_top5=0.8983).
2026-08-26 09:43:12 | INFO    | cicps.checkpoint | Saved checkpoint to D:\Projects\cicps-augmentation\outputs\experiment_0b\checkpoints\baseline\last.pt (epoch 3, train_loss=0.7527, train_top1=0.8319, train_top5=0.9813, val_loss=1.3447, val_top1=0.6467, val_top5=0.8983).
2026-08-26 09:43:27 | INFO    | cicps.trainer | [baseline] epoch  5/20 | lr 2.82e-04 | train loss 0.4772 top1 0.9025 top5 0.9917 | val loss 1.5057 top1 0.6250 top5 0.8700 | 15.0s
2026-08-26 09:43:28 | INFO    | cicps.checkpoint | Saved checkpoint to D:\Projects\cicps-augmentation\outputs\experiment_0b\checkpoints\baseline\last.pt (epoch 4, train_loss=0.4772, train_top1=0.9025, train_top5=0.9917, val_loss=1.5057, val_top1=0.6250, val_top5=0.8700).
2026-08-26 09:43:43 | INFO    | cicps.trainer | [baseline] epoch  6/20 | lr 2.68e-04 | train loss 0.2998 top1 0.9418 top5 0.9985 | val loss 1.3166 top1 0.6750 top5 0.8983 | 15.3s
2026-08-26 09:43:44 | INFO    | cicps.checkpoint | Saved checkpoint to D:\Projects\cicps-augmentation\outputs\experiment_0b\checkpoints\baseline\best.pt (epoch 5, train_loss=0.2998, train_top1=0.9418, train_top5=0.9985, val_loss=1.3166, val_top1=0.6750, val_top5=0.8983).
2026-08-26 09:43:44 | INFO    | cicps.checkpoint | Saved checkpoint to D:\Projects\cicps-augmentation\outputs\experiment_0b\checkpoints\baseline\last.pt (epoch 5, train_loss=0.2998, train_top1=0.9418, train_top5=0.9985, val_loss=1.3166, val_top1=0.6750, val_top5=0.8983).
2026-08-26 09:44:00 | INFO    | cicps.trainer | [baseline] epoch  7/20 | lr 2.52e-04 | train loss 0.1878 top1 0.9727 top5 1.0000 | val loss 1.2033 top1 0.6983 top5 0.9000 | 15.8s
2026-08-26 09:44:01 | INFO    | cicps.checkpoint | Saved checkpoint to D:\Projects\cicps-augmentation\outputs\experiment_0b\checkpoints\baseline\best.pt (epoch 6, train_loss=0.1878, train_top1=0.9727, train_top5=1.0000, val_loss=1.2033, val_top1=0.6983, val_top5=0.9000).
2026-08-26 09:44:01 | INFO    | cicps.checkpoint | Saved checkpoint to D:\Projects\cicps-augmentation\outputs\experiment_0b\checkpoints\baseline\last.pt (epoch 6, train_loss=0.1878, train_top1=0.9727, train_top5=1.0000, val_loss=1.2033, val_top1=0.6983, val_top5=0.9000).
2026-08-26 09:44:20 | INFO    | cicps.trainer | [baseline] epoch  8/20 | lr 2.32e-04 | train loss 0.1239 top1 0.9824 top5 0.9998 | val loss 1.1374 top1 0.7150 top5 0.9117 | 18.5s
2026-08-26 09:44:21 | INFO    | cicps.checkpoint | Saved checkpoint to D:\Projects\cicps-augmentation\outputs\experiment_0b\checkpoints\baseline\best.pt (epoch 7, train_loss=0.1239, train_top1=0.9824, train_top5=0.9998, val_loss=1.1374, val_top1=0.7150, val_top5=0.9117).
2026-08-26 09:44:22 | INFO    | cicps.checkpoint | Saved checkpoint to D:\Projects\cicps-augmentation\outputs\experiment_0b\checkpoints\baseline\last.pt (epoch 7, train_loss=0.1239, train_top1=0.9824, train_top5=0.9998, val_loss=1.1374, val_top1=0.7150, val_top5=0.9117).
2026-08-26 09:44:39 | INFO    | cicps.trainer | [baseline] epoch  9/20 | lr 2.11e-04 | train loss 0.0722 top1 0.9952 top5 1.0000 | val loss 1.0524 top1 0.7300 top5 0.9183 | 17.8s
2026-08-26 09:44:40 | INFO    | cicps.checkpoint | Saved checkpoint to D:\Projects\cicps-augmentation\outputs\experiment_0b\checkpoints\baseline\best.pt (epoch 8, train_loss=0.0722, train_top1=0.9952, train_top5=1.0000, val_loss=1.0524, val_top1=0.7300, val_top5=0.9183).
2026-08-26 09:44:41 | INFO    | cicps.checkpoint | Saved checkpoint to D:\Projects\cicps-augmentation\outputs\experiment_0b\checkpoints\baseline\last.pt (epoch 8, train_loss=0.0722, train_top1=0.9952, train_top5=1.0000, val_loss=1.0524, val_top1=0.7300, val_top5=0.9183).
2026-08-26 09:44:58 | INFO    | cicps.trainer | [baseline] epoch 10/20 | lr 1.87e-04 | train loss 0.0500 top1 0.9963 top5 1.0000 | val loss 1.0175 top1 0.7267 top5 0.9333 | 17.8s
2026-08-26 09:44:59 | INFO    | cicps.checkpoint | Saved checkpoint to D:\Projects\cicps-augmentation\outputs\experiment_0b\checkpoints\baseline\last.pt (epoch 9, train_loss=0.0500, train_top1=0.9963, train_top5=1.0000, val_loss=1.0175, val_top1=0.7267, val_top5=0.9333).
2026-08-26 09:45:15 | INFO    | cicps.trainer | [baseline] epoch 11/20 | lr 1.63e-04 | train loss 0.0327 top1 0.9991 top5 1.0000 | val loss 1.0133 top1 0.7533 top5 0.9233 | 15.8s
2026-08-26 09:45:16 | INFO    | cicps.checkpoint | Saved checkpoint to D:\Projects\cicps-augmentation\outputs\experiment_0b\checkpoints\baseline\best.pt (epoch 10, train_loss=0.0327, train_top1=0.9991, train_top5=1.0000, val_loss=1.0133, val_top1=0.7533, val_top5=0.9233).
2026-08-26 09:45:16 | INFO    | cicps.checkpoint | Saved checkpoint to D:\Projects\cicps-augmentation\outputs\experiment_0b\checkpoints\baseline\last.pt (epoch 10, train_loss=0.0327, train_top1=0.9991, train_top5=1.0000, val_loss=1.0133, val_top1=0.7533, val_top5=0.9233).
2026-08-26 09:45:35 | INFO    | cicps.trainer | [baseline] epoch 12/20 | lr 1.38e-04 | train loss 0.0245 top1 0.9993 top5 1.0000 | val loss 0.9630 top1 0.7683 top5 0.9233 | 19.0s
2026-08-26 09:45:36 | INFO    | cicps.checkpoint | Saved checkpoint to D:\Projects\cicps-augmentation\outputs\experiment_0b\checkpoints\baseline\best.pt (epoch 11, train_loss=0.0245, train_top1=0.9993, train_top5=1.0000, val_loss=0.9630, val_top1=0.7683, val_top5=0.9233).
2026-08-26 09:45:37 | INFO    | cicps.checkpoint | Saved checkpoint to D:\Projects\cicps-augmentation\outputs\experiment_0b\checkpoints\baseline\last.pt (epoch 11, train_loss=0.0245, train_top1=0.9993, train_top5=1.0000, val_loss=0.9630, val_top1=0.7683, val_top5=0.9233).
2026-08-26 09:45:53 | INFO    | cicps.trainer | [baseline] epoch 13/20 | lr 1.14e-04 | train loss 0.0188 top1 0.9994 top5 1.0000 | val loss 0.9491 top1 0.7750 top5 0.9300 | 16.2s
2026-08-26 09:45:53 | INFO    | cicps.checkpoint | Saved checkpoint to D:\Projects\cicps-augmentation\outputs\experiment_0b\checkpoints\baseline\best.pt (epoch 12, train_loss=0.0188, train_top1=0.9994, train_top5=1.0000, val_loss=0.9491, val_top1=0.7750, val_top5=0.9300).
2026-08-26 09:45:53 | INFO    | cicps.checkpoint | Saved checkpoint to D:\Projects\cicps-augmentation\outputs\experiment_0b\checkpoints\baseline\last.pt (epoch 12, train_loss=0.0188, train_top1=0.9994, train_top5=1.0000, val_loss=0.9491, val_top1=0.7750, val_top5=0.9300).
2026-08-26 09:46:10 | INFO    | cicps.trainer | [baseline] epoch 14/20 | lr 9.04e-05 | train loss 0.0145 top1 0.9996 top5 1.0000 | val loss 0.9187 top1 0.7817 top5 0.9300 | 16.9s
2026-08-26 09:46:11 | INFO    | cicps.checkpoint | Saved checkpoint to D:\Projects\cicps-augmentation\outputs\experiment_0b\checkpoints\baseline\best.pt (epoch 13, train_loss=0.0145, train_top1=0.9996, train_top5=1.0000, val_loss=0.9187, val_top1=0.7817, val_top5=0.9300).
2026-08-26 09:46:12 | INFO    | cicps.checkpoint | Saved checkpoint to D:\Projects\cicps-augmentation\outputs\experiment_0b\checkpoints\baseline\last.pt (epoch 13, train_loss=0.0145, train_top1=0.9996, train_top5=1.0000, val_loss=0.9187, val_top1=0.7817, val_top5=0.9300).
2026-08-26 09:46:32 | INFO    | cicps.trainer | [baseline] epoch 15/20 | lr 6.87e-05 | train loss 0.0126 top1 1.0000 top5 1.0000 | val loss 0.9150 top1 0.7683 top5 0.9317 | 19.7s
2026-08-26 09:46:33 | INFO    | cicps.checkpoint | Saved checkpoint to D:\Projects\cicps-augmentation\outputs\experiment_0b\checkpoints\baseline\last.pt (epoch 14, train_loss=0.0126, train_top1=1.0000, train_top5=1.0000, val_loss=0.9150, val_top1=0.7683, val_top5=0.9317).
2026-08-26 09:46:52 | INFO    | cicps.trainer | [baseline] epoch 16/20 | lr 4.92e-05 | train loss 0.0121 top1 1.0000 top5 1.0000 | val loss 0.9179 top1 0.7650 top5 0.9300 | 19.1s
2026-08-26 09:46:53 | INFO    | cicps.checkpoint | Saved checkpoint to D:\Projects\cicps-augmentation\outputs\experiment_0b\checkpoints\baseline\last.pt (epoch 15, train_loss=0.0121, train_top1=1.0000, train_top5=1.0000, val_loss=0.9179, val_top1=0.7650, val_top5=0.9300).
2026-08-26 09:47:10 | INFO    | cicps.trainer | [baseline] epoch 17/20 | lr 3.25e-05 | train loss 0.0104 top1 0.9998 top5 1.0000 | val loss 0.9257 top1 0.7667 top5 0.9350 | 16.5s
2026-08-26 09:47:10 | INFO    | cicps.checkpoint | Saved checkpoint to D:\Projects\cicps-augmentation\outputs\experiment_0b\checkpoints\baseline\last.pt (epoch 16, train_loss=0.0104, train_top1=0.9998, train_top5=1.0000, val_loss=0.9257, val_top1=0.7667, val_top5=0.9350).
2026-08-26 09:47:27 | INFO    | cicps.trainer | [baseline] epoch 18/20 | lr 1.90e-05 | train loss 0.0098 top1 1.0000 top5 1.0000 | val loss 0.9111 top1 0.7617 top5 0.9350 | 17.3s
2026-08-26 09:47:28 | INFO    | cicps.checkpoint | Saved checkpoint to D:\Projects\cicps-augmentation\outputs\experiment_0b\checkpoints\baseline\last.pt (epoch 17, train_loss=0.0098, train_top1=1.0000, train_top5=1.0000, val_loss=0.9111, val_top1=0.7617, val_top5=0.9350).
2026-08-26 09:47:46 | INFO    | cicps.trainer | [baseline] epoch 19/20 | lr 9.10e-06 | train loss 0.0096 top1 1.0000 top5 1.0000 | val loss 0.9086 top1 0.7717 top5 0.9300 | 17.9s
2026-08-26 09:47:47 | INFO    | cicps.checkpoint | Saved checkpoint to D:\Projects\cicps-augmentation\outputs\experiment_0b\checkpoints\baseline\last.pt (epoch 18, train_loss=0.0096, train_top1=1.0000, train_top5=1.0000, val_loss=0.9086, val_top1=0.7717, val_top5=0.9300).
2026-08-26 09:48:05 | INFO    | cicps.trainer | [baseline] epoch 20/20 | lr 3.04e-06 | train loss 0.0093 top1 1.0000 top5 1.0000 | val loss 0.9112 top1 0.7717 top5 0.9333 | 18.2s
2026-08-26 09:48:06 | INFO    | cicps.checkpoint | Saved checkpoint to D:\Projects\cicps-augmentation\outputs\experiment_0b\checkpoints\baseline\last.pt (epoch 19, train_loss=0.0093, train_top1=1.0000, train_top5=1.0000, val_loss=0.9112, val_top1=0.7717, val_top5=0.9333).
2026-08-26 09:48:06 | INFO    | cicps.trainer | Wrote training history to D:\Projects\cicps-augmentation\outputs\experiment_0b\logs\history\baseline.csv
2026-08-26 09:48:06 | INFO    | cicps.trainer | [baseline] best val_top1 = 0.7817 at epoch 14; best checkpoint: D:\Projects\cicps-augmentation\outputs\experiment_0b\checkpoints\baseline\best.pt
