2026-08-26 10:21:50 | INFO    | cicps | Also logging this run to D:\Projects\cicps-augmentation\outputs\experiment_0b\logs\train_baseline_gaussian_blur.log
2026-08-26 10:21:50 | INFO    | cicps.train_policies | policy       : baseline_gaussian_blur
2026-08-26 10:21:50 | INFO    | cicps.train_policies | description  : Standard recipe plus Experiment 0A's Gaussian blur.
2026-08-26 10:21:50 | INFO    | cicps.train_policies | audit link   : gaussian_blur
2026-08-26 10:21:50 | INFO    | cicps.train_policies | master seed  : 42 -> resolved policy seed 1659421884
2026-08-26 10:21:50 | INFO    | cicps.train_policies | device       : cuda
2026-08-26 10:21:50 | INFO    | cicps.train_policies | split        : fingerprint 2c3a0390542d2a57 (seed 42)
2026-08-26 10:21:50 | INFO    | cicps.train_policies | train / val  : 5394 / 600 images
2026-08-26 10:21:50 | INFO    | cicps.train_policies | architecture : resnet18 (weights IMAGENET1K_V1, pretrained=True)
2026-08-26 10:21:50 | INFO    | cicps.train_policies | optimizer    : adamw lr=0.0003 weight_decay=0.05
2026-08-26 10:21:50 | INFO    | cicps.train_policies | scheduler    : cosine (warmup 1 epochs, min_lr 1e-06)
2026-08-26 10:21:50 | INFO    | cicps.train_policies | budget       : 20 epochs, batch_size 32, monitor val_top1 (max)
2026-08-26 10:21:50 | INFO    | cicps.train_policies | pipeline     : {"crop": {"kind": "RandomResizedCrop", "repr": "RandomResizedCrop(size=(224, 224), scale=(0.7, 1.0), ratio=(0.75, 1.3333), interpolation=bilinear, antialias=True)", "size": [224, 224], "scale": [0.7, 1.0], "ratio": [0.75, 1.3333]}, "flip": {"kind": "RandomHorizontalFlip", "repr": "RandomHorizontalFlip(p=0.5)", "p": 0.5}, "normalize": {"mean": [0.485, 0.456, 0.406], "std": [0.229, 0.224, 0.225]}, "added_transform": {"name": "gaussian_blur", "type": "gaussian_blur", "params": {"kernel_size": 9, "sigma": [1.0, 2.0]}, "application_probability": 0.5}}
2026-08-26 10:21:50 | INFO    | cicps.train_policies | Seeding model initialisation from the master seed 42 so every policy starts identically.
2026-08-26 10:21:50 | INFO    | cicps.seeding | Re-seeded RNGs for this run with seed 42.
2026-08-26 10:21:50 | INFO    | cicps.factory | Built resnet18 (pretrained=True, weights=IMAGENET1K_V1, feature_dim=512, num_classes=200, params=11.28M).
2026-08-26 10:21:50 | INFO    | cicps.trainer | Train loader: 5394 images, batch_size=32, workers=4.
2026-08-26 10:21:50 | INFO    | cicps.trainer | Val loader: 600 images, batch_size=64, workers=4.
2026-08-26 10:21:50 | INFO    | cicps.train_policies | Handing the RNG to this policy's own stream (seed 1659421884) for shuffling and augmentation sampling.
2026-08-26 10:21:50 | INFO    | cicps.seeding | Re-seeded RNGs for this run with seed 1659421884.
2026-08-26 10:21:50 | INFO    | cicps.trainer | Training run 'baseline_gaussian_blur' for 20 epoch(s) on cuda (seed 1659421884).
2026-08-26 10:22:47 | INFO    | cicps.trainer | [baseline_gaussian_blur] epoch  1/20 | lr 3.00e-04 | train loss 3.9616 top1 0.1832 top5 0.4283 | val loss 2.8122 top1 0.3667 top5 0.6983 | 56.8s
2026-08-26 10:22:47 | INFO    | cicps.checkpoint | Saved checkpoint to D:\Projects\cicps-augmentation\outputs\experiment_0b\checkpoints\baseline_gaussian_blur\best.pt (epoch 0, train_loss=3.9616, train_top1=0.1832, train_top5=0.4283, val_loss=2.8122, val_top1=0.3667, val_top5=0.6983).
2026-08-26 10:22:48 | INFO    | cicps.checkpoint | Saved checkpoint to D:\Projects\cicps-augmentation\outputs\experiment_0b\checkpoints\baseline_gaussian_blur\last.pt (epoch 0, train_loss=3.9616, train_top1=0.1832, train_top5=0.4283, val_loss=2.8122, val_top1=0.3667, val_top5=0.6983).
2026-08-26 10:23:04 | INFO    | cicps.trainer | [baseline_gaussian_blur] epoch  2/20 | lr 3.00e-04 | train loss 2.1350 top1 0.5176 top5 0.8276 | val loss 2.1027 top1 0.4550 top5 0.7783 | 16.0s
2026-08-26 10:23:04 | INFO    | cicps.checkpoint | Saved checkpoint to D:\Projects\cicps-augmentation\outputs\experiment_0b\checkpoints\baseline_gaussian_blur\best.pt (epoch 1, train_loss=2.1350, train_top1=0.5176, train_top5=0.8276, val_loss=2.1027, val_top1=0.4550, val_top5=0.7783).
2026-08-26 10:23:04 | INFO    | cicps.checkpoint | Saved checkpoint to D:\Projects\cicps-augmentation\outputs\experiment_0b\checkpoints\baseline_gaussian_blur\last.pt (epoch 1, train_loss=2.1350, train_top1=0.5176, train_top5=0.8276, val_loss=2.1027, val_top1=0.4550, val_top5=0.7783).
2026-08-26 10:23:21 | INFO    | cicps.trainer | [baseline_gaussian_blur] epoch  3/20 | lr 2.98e-04 | train loss 1.3923 top1 0.6711 top5 0.9234 | val loss 1.5688 top1 0.5717 top5 0.8667 | 16.9s
2026-08-26 10:23:21 | INFO    | cicps.checkpoint | Saved checkpoint to D:\Projects\cicps-augmentation\outputs\experiment_0b\checkpoints\baseline_gaussian_blur\best.pt (epoch 2, train_loss=1.3923, train_top1=0.6711, train_top5=0.9234, val_loss=1.5688, val_top1=0.5717, val_top5=0.8667).
2026-08-26 10:23:22 | INFO    | cicps.checkpoint | Saved checkpoint to D:\Projects\cicps-augmentation\outputs\experiment_0b\checkpoints\baseline_gaussian_blur\last.pt (epoch 2, train_loss=1.3923, train_top1=0.6711, train_top5=0.9234, val_loss=1.5688, val_top1=0.5717, val_top5=0.8667).
2026-08-26 10:23:39 | INFO    | cicps.trainer | [baseline_gaussian_blur] epoch  4/20 | lr 2.92e-04 | train loss 0.9383 top1 0.7849 top5 0.9666 | val loss 1.4226 top1 0.6417 top5 0.8900 | 17.8s
2026-08-26 10:23:39 | INFO    | cicps.checkpoint | Saved checkpoint to D:\Projects\cicps-augmentation\outputs\experiment_0b\checkpoints\baseline_gaussian_blur\best.pt (epoch 3, train_loss=0.9383, train_top1=0.7849, train_top5=0.9666, val_loss=1.4226, val_top1=0.6417, val_top5=0.8900).
2026-08-26 10:23:40 | INFO    | cicps.checkpoint | Saved checkpoint to D:\Projects\cicps-augmentation\outputs\experiment_0b\checkpoints\baseline_gaussian_blur\last.pt (epoch 3, train_loss=0.9383, train_top1=0.7849, train_top5=0.9666, val_loss=1.4226, val_top1=0.6417, val_top5=0.8900).
2026-08-26 10:23:59 | INFO    | cicps.trainer | [baseline_gaussian_blur] epoch  5/20 | lr 2.82e-04 | train loss 0.6529 top1 0.8495 top5 0.9846 | val loss 1.3771 top1 0.6417 top5 0.8850 | 18.8s
2026-08-26 10:23:59 | INFO    | cicps.checkpoint | Saved checkpoint to D:\Projects\cicps-augmentation\outputs\experiment_0b\checkpoints\baseline_gaussian_blur\last.pt (epoch 4, train_loss=0.6529, train_top1=0.8495, train_top5=0.9846, val_loss=1.3771, val_top1=0.6417, val_top5=0.8850).
2026-08-26 10:24:18 | INFO    | cicps.trainer | [baseline_gaussian_blur] epoch  6/20 | lr 2.68e-04 | train loss 0.4528 top1 0.9097 top5 0.9946 | val loss 1.3547 top1 0.6500 top5 0.8967 | 18.9s
2026-08-26 10:24:18 | INFO    | cicps.checkpoint | Saved checkpoint to D:\Projects\cicps-augmentation\outputs\experiment_0b\checkpoints\baseline_gaussian_blur\best.pt (epoch 5, train_loss=0.4528, train_top1=0.9097, train_top5=0.9946, val_loss=1.3547, val_top1=0.6500, val_top5=0.8967).
2026-08-26 10:24:18 | INFO    | cicps.checkpoint | Saved checkpoint to D:\Projects\cicps-augmentation\outputs\experiment_0b\checkpoints\baseline_gaussian_blur\last.pt (epoch 5, train_loss=0.4528, train_top1=0.9097, train_top5=0.9946, val_loss=1.3547, val_top1=0.6500, val_top5=0.8967).
2026-08-26 10:28:23 | INFO    | cicps.trainer | [baseline_gaussian_blur] epoch  7/20 | lr 2.52e-04 | train loss 0.2947 top1 0.9472 top5 0.9974 | val loss 1.2691 top1 0.6600 top5 0.9017 | 244.5s
2026-08-26 10:28:23 | INFO    | cicps.checkpoint | Saved checkpoint to D:\Projects\cicps-augmentation\outputs\experiment_0b\checkpoints\baseline_gaussian_blur\best.pt (epoch 6, train_loss=0.2947, train_top1=0.9472, train_top5=0.9974, val_loss=1.2691, val_top1=0.6600, val_top5=0.9017).
2026-08-26 10:28:23 | INFO    | cicps.checkpoint | Saved checkpoint to D:\Projects\cicps-augmentation\outputs\experiment_0b\checkpoints\baseline_gaussian_blur\last.pt (epoch 6, train_loss=0.2947, train_top1=0.9472, train_top5=0.9974, val_loss=1.2691, val_top1=0.6600, val_top5=0.9017).
2026-08-26 10:28:40 | INFO    | cicps.trainer | [baseline_gaussian_blur] epoch  8/20 | lr 2.32e-04 | train loss 0.1958 top1 0.9690 top5 0.9993 | val loss 1.1430 top1 0.6967 top5 0.9283 | 16.9s
2026-08-26 10:28:41 | INFO    | cicps.checkpoint | Saved checkpoint to D:\Projects\cicps-augmentation\outputs\experiment_0b\checkpoints\baseline_gaussian_blur\best.pt (epoch 7, train_loss=0.1958, train_top1=0.9690, train_top5=0.9993, val_loss=1.1430, val_top1=0.6967, val_top5=0.9283).
2026-08-26 10:28:41 | INFO    | cicps.checkpoint | Saved checkpoint to D:\Projects\cicps-augmentation\outputs\experiment_0b\checkpoints\baseline_gaussian_blur\last.pt (epoch 7, train_loss=0.1958, train_top1=0.9690, train_top5=0.9993, val_loss=1.1430, val_top1=0.6967, val_top5=0.9283).
2026-08-26 10:28:57 | INFO    | cicps.trainer | [baseline_gaussian_blur] epoch  9/20 | lr 2.11e-04 | train loss 0.1269 top1 0.9835 top5 0.9994 | val loss 1.1148 top1 0.6967 top5 0.9217 | 16.3s
2026-08-26 10:28:57 | INFO    | cicps.checkpoint | Saved checkpoint to D:\Projects\cicps-augmentation\outputs\experiment_0b\checkpoints\baseline_gaussian_blur\last.pt (epoch 8, train_loss=0.1269, train_top1=0.9835, train_top5=0.9994, val_loss=1.1148, val_top1=0.6967, val_top5=0.9217).
2026-08-26 10:29:14 | INFO    | cicps.trainer | [baseline_gaussian_blur] epoch 10/20 | lr 1.87e-04 | train loss 0.0834 top1 0.9930 top5 0.9998 | val loss 1.0890 top1 0.7150 top5 0.9183 | 16.3s
2026-08-26 10:29:14 | INFO    | cicps.checkpoint | Saved checkpoint to D:\Projects\cicps-augmentation\outputs\experiment_0b\checkpoints\baseline_gaussian_blur\best.pt (epoch 9, train_loss=0.0834, train_top1=0.9930, train_top5=0.9998, val_loss=1.0890, val_top1=0.7150, val_top5=0.9183).
2026-08-26 10:29:14 | INFO    | cicps.checkpoint | Saved checkpoint to D:\Projects\cicps-augmentation\outputs\experiment_0b\checkpoints\baseline_gaussian_blur\last.pt (epoch 9, train_loss=0.0834, train_top1=0.9930, train_top5=0.9998, val_loss=1.0890, val_top1=0.7150, val_top5=0.9183).
2026-08-26 10:29:31 | INFO    | cicps.trainer | [baseline_gaussian_blur] epoch 11/20 | lr 1.63e-04 | train loss 0.0570 top1 0.9967 top5 0.9998 | val loss 1.0354 top1 0.7383 top5 0.9333 | 17.2s
2026-08-26 10:29:32 | INFO    | cicps.checkpoint | Saved checkpoint to D:\Projects\cicps-augmentation\outputs\experiment_0b\checkpoints\baseline_gaussian_blur\best.pt (epoch 10, train_loss=0.0570, train_top1=0.9967, train_top5=0.9998, val_loss=1.0354, val_top1=0.7383, val_top5=0.9333).
2026-08-26 10:29:32 | INFO    | cicps.checkpoint | Saved checkpoint to D:\Projects\cicps-augmentation\outputs\experiment_0b\checkpoints\baseline_gaussian_blur\last.pt (epoch 10, train_loss=0.0570, train_top1=0.9967, train_top5=0.9998, val_loss=1.0354, val_top1=0.7383, val_top5=0.9333).
2026-08-26 10:29:50 | INFO    | cicps.trainer | [baseline_gaussian_blur] epoch 12/20 | lr 1.38e-04 | train loss 0.0395 top1 0.9980 top5 1.0000 | val loss 1.0527 top1 0.7200 top5 0.9283 | 17.9s
2026-08-26 10:29:50 | INFO    | cicps.checkpoint | Saved checkpoint to D:\Projects\cicps-augmentation\outputs\experiment_0b\checkpoints\baseline_gaussian_blur\last.pt (epoch 11, train_loss=0.0395, train_top1=0.9980, train_top5=1.0000, val_loss=1.0527, val_top1=0.7200, val_top5=0.9283).
2026-08-26 10:30:08 | INFO    | cicps.trainer | [baseline_gaussian_blur] epoch 13/20 | lr 1.14e-04 | train loss 0.0355 top1 0.9985 top5 1.0000 | val loss 0.9915 top1 0.7483 top5 0.9333 | 18.2s
2026-08-26 10:30:08 | INFO    | cicps.checkpoint | Saved checkpoint to D:\Projects\cicps-augmentation\outputs\experiment_0b\checkpoints\baseline_gaussian_blur\best.pt (epoch 12, train_loss=0.0355, train_top1=0.9985, train_top5=1.0000, val_loss=0.9915, val_top1=0.7483, val_top5=0.9333).
2026-08-26 10:30:09 | INFO    | cicps.checkpoint | Saved checkpoint to D:\Projects\cicps-augmentation\outputs\experiment_0b\checkpoints\baseline_gaussian_blur\last.pt (epoch 12, train_loss=0.0355, train_top1=0.9985, train_top5=1.0000, val_loss=0.9915, val_top1=0.7483, val_top5=0.9333).
2026-08-26 10:30:27 | INFO    | cicps.trainer | [baseline_gaussian_blur] epoch 14/20 | lr 9.04e-05 | train loss 0.0247 top1 0.9996 top5 1.0000 | val loss 0.9824 top1 0.7500 top5 0.9267 | 18.2s
2026-08-26 10:30:27 | INFO    | cicps.checkpoint | Saved checkpoint to D:\Projects\cicps-augmentation\outputs\experiment_0b\checkpoints\baseline_gaussian_blur\best.pt (epoch 13, train_loss=0.0247, train_top1=0.9996, train_top5=1.0000, val_loss=0.9824, val_top1=0.7500, val_top5=0.9267).
2026-08-26 10:30:27 | INFO    | cicps.checkpoint | Saved checkpoint to D:\Projects\cicps-augmentation\outputs\experiment_0b\checkpoints\baseline_gaussian_blur\last.pt (epoch 13, train_loss=0.0247, train_top1=0.9996, train_top5=1.0000, val_loss=0.9824, val_top1=0.7500, val_top5=0.9267).
2026-08-26 10:30:47 | INFO    | cicps.trainer | [baseline_gaussian_blur] epoch 15/20 | lr 6.87e-05 | train loss 0.0199 top1 1.0000 top5 1.0000 | val loss 0.9868 top1 0.7550 top5 0.9217 | 20.0s
2026-08-26 10:30:48 | INFO    | cicps.checkpoint | Saved checkpoint to D:\Projects\cicps-augmentation\outputs\experiment_0b\checkpoints\baseline_gaussian_blur\best.pt (epoch 14, train_loss=0.0199, train_top1=1.0000, train_top5=1.0000, val_loss=0.9868, val_top1=0.7550, val_top5=0.9217).
2026-08-26 10:30:48 | INFO    | cicps.checkpoint | Saved checkpoint to D:\Projects\cicps-augmentation\outputs\experiment_0b\checkpoints\baseline_gaussian_blur\last.pt (epoch 14, train_loss=0.0199, train_top1=1.0000, train_top5=1.0000, val_loss=0.9868, val_top1=0.7550, val_top5=0.9217).
2026-08-26 10:31:06 | INFO    | cicps.trainer | [baseline_gaussian_blur] epoch 16/20 | lr 4.92e-05 | train loss 0.0168 top1 1.0000 top5 1.0000 | val loss 0.9886 top1 0.7500 top5 0.9300 | 18.5s
2026-08-26 10:31:07 | INFO    | cicps.checkpoint | Saved checkpoint to D:\Projects\cicps-augmentation\outputs\experiment_0b\checkpoints\baseline_gaussian_blur\last.pt (epoch 15, train_loss=0.0168, train_top1=1.0000, train_top5=1.0000, val_loss=0.9886, val_top1=0.7500, val_top5=0.9300).
2026-08-26 10:31:25 | INFO    | cicps.trainer | [baseline_gaussian_blur] epoch 17/20 | lr 3.25e-05 | train loss 0.0161 top1 0.9998 top5 1.0000 | val loss 0.9804 top1 0.7433 top5 0.9317 | 18.1s
2026-08-26 10:31:25 | INFO    | cicps.checkpoint | Saved checkpoint to D:\Projects\cicps-augmentation\outputs\experiment_0b\checkpoints\baseline_gaussian_blur\last.pt (epoch 16, train_loss=0.0161, train_top1=0.9998, train_top5=1.0000, val_loss=0.9804, val_top1=0.7433, val_top5=0.9317).
2026-08-26 10:31:44 | INFO    | cicps.trainer | [baseline_gaussian_blur] epoch 18/20 | lr 1.90e-05 | train loss 0.0146 top1 0.9996 top5 1.0000 | val loss 0.9724 top1 0.7650 top5 0.9317 | 19.5s
2026-08-26 10:31:45 | INFO    | cicps.checkpoint | Saved checkpoint to D:\Projects\cicps-augmentation\outputs\experiment_0b\checkpoints\baseline_gaussian_blur\best.pt (epoch 17, train_loss=0.0146, train_top1=0.9996, train_top5=1.0000, val_loss=0.9724, val_top1=0.7650, val_top5=0.9317).
2026-08-26 10:31:45 | INFO    | cicps.checkpoint | Saved checkpoint to D:\Projects\cicps-augmentation\outputs\experiment_0b\checkpoints\baseline_gaussian_blur\last.pt (epoch 17, train_loss=0.0146, train_top1=0.9996, train_top5=1.0000, val_loss=0.9724, val_top1=0.7650, val_top5=0.9317).
2026-08-26 10:32:04 | INFO    | cicps.trainer | [baseline_gaussian_blur] epoch 19/20 | lr 9.10e-06 | train loss 0.0149 top1 0.9998 top5 1.0000 | val loss 0.9638 top1 0.7700 top5 0.9367 | 18.7s
2026-08-26 10:32:04 | INFO    | cicps.checkpoint | Saved checkpoint to D:\Projects\cicps-augmentation\outputs\experiment_0b\checkpoints\baseline_gaussian_blur\best.pt (epoch 18, train_loss=0.0149, train_top1=0.9998, train_top5=1.0000, val_loss=0.9638, val_top1=0.7700, val_top5=0.9367).
2026-08-26 10:32:04 | INFO    | cicps.checkpoint | Saved checkpoint to D:\Projects\cicps-augmentation\outputs\experiment_0b\checkpoints\baseline_gaussian_blur\last.pt (epoch 18, train_loss=0.0149, train_top1=0.9998, train_top5=1.0000, val_loss=0.9638, val_top1=0.7700, val_top5=0.9367).
2026-08-26 10:32:23 | INFO    | cicps.trainer | [baseline_gaussian_blur] epoch 20/20 | lr 3.04e-06 | train loss 0.0147 top1 0.9998 top5 1.0000 | val loss 0.9698 top1 0.7600 top5 0.9350 | 19.0s
2026-08-26 10:32:23 | INFO    | cicps.checkpoint | Saved checkpoint to D:\Projects\cicps-augmentation\outputs\experiment_0b\checkpoints\baseline_gaussian_blur\last.pt (epoch 19, train_loss=0.0147, train_top1=0.9998, train_top5=1.0000, val_loss=0.9698, val_top1=0.7600, val_top5=0.9350).
2026-08-26 10:32:23 | INFO    | cicps.trainer | Wrote training history to D:\Projects\cicps-augmentation\outputs\experiment_0b\logs\history\baseline_gaussian_blur.csv
2026-08-26 10:32:23 | INFO    | cicps.trainer | [baseline_gaussian_blur] best val_top1 = 0.7700 at epoch 19; best checkpoint: D:\Projects\cicps-augmentation\outputs\experiment_0b\checkpoints\baseline_gaussian_blur\best.pt
