2026-08-26 09:55:31 | INFO    | cicps | Also logging this run to D:\Projects\cicps-augmentation\outputs\experiment_0b\logs\train_baseline_rotation.log
2026-08-26 09:55:31 | INFO    | cicps.train_policies | policy       : baseline_rotation
2026-08-26 09:55:31 | INFO    | cicps.train_policies | description  : Standard recipe plus Experiment 0A's in-plane rotation.
2026-08-26 09:55:31 | INFO    | cicps.train_policies | audit link   : rotation
2026-08-26 09:55:31 | INFO    | cicps.train_policies | master seed  : 42 -> resolved policy seed 69590260
2026-08-26 09:55:31 | INFO    | cicps.train_policies | device       : cuda
2026-08-26 09:55:31 | INFO    | cicps.train_policies | split        : fingerprint 2c3a0390542d2a57 (seed 42)
2026-08-26 09:55:31 | INFO    | cicps.train_policies | train / val  : 5394 / 600 images
2026-08-26 09:55:31 | INFO    | cicps.train_policies | architecture : resnet18 (weights IMAGENET1K_V1, pretrained=True)
2026-08-26 09:55:31 | INFO    | cicps.train_policies | optimizer    : adamw lr=0.0003 weight_decay=0.05
2026-08-26 09:55:31 | INFO    | cicps.train_policies | scheduler    : cosine (warmup 1 epochs, min_lr 1e-06)
2026-08-26 09:55:31 | INFO    | cicps.train_policies | budget       : 20 epochs, batch_size 32, monitor val_top1 (max)
2026-08-26 09:55:31 | INFO    | cicps.train_policies | pipeline     : {"crop": {"kind": "RandomResizedCrop", "repr": "RandomResizedCrop(size=(224, 224), scale=(0.7, 1.0), ratio=(0.75, 1.3333), interpolation=bilinear, antialias=True)", "size": [224, 224], "scale": [0.7, 1.0], "ratio": [0.75, 1.3333]}, "flip": {"kind": "RandomHorizontalFlip", "repr": "RandomHorizontalFlip(p=0.5)", "p": 0.5}, "normalize": {"mean": [0.485, 0.456, 0.406], "std": [0.229, 0.224, 0.225]}, "added_transform": {"name": "rotation", "type": "rotation", "params": {"degrees": 15.0, "interpolation": "bilinear", "expand": false, "fill": 0}, "application_probability": 0.5}}
2026-08-26 09:55:31 | INFO    | cicps.train_policies | Seeding model initialisation from the master seed 42 so every policy starts identically.
2026-08-26 09:55:31 | INFO    | cicps.seeding | Re-seeded RNGs for this run with seed 42.
2026-08-26 09:55:31 | INFO    | cicps.factory | Built resnet18 (pretrained=True, weights=IMAGENET1K_V1, feature_dim=512, num_classes=200, params=11.28M).
2026-08-26 09:55:31 | INFO    | cicps.trainer | Train loader: 5394 images, batch_size=32, workers=4.
2026-08-26 09:55:31 | INFO    | cicps.trainer | Val loader: 600 images, batch_size=64, workers=4.
2026-08-26 09:55:31 | INFO    | cicps.train_policies | Handing the RNG to this policy's own stream (seed 69590260) for shuffling and augmentation sampling.
2026-08-26 09:55:31 | INFO    | cicps.seeding | Re-seeded RNGs for this run with seed 69590260.
2026-08-26 09:55:31 | INFO    | cicps.trainer | Training run 'baseline_rotation' for 20 epoch(s) on cuda (seed 69590260).
2026-08-26 09:56:30 | INFO    | cicps.trainer | [baseline_rotation] epoch  1/20 | lr 3.00e-04 | train loss 3.8443 top1 0.2227 top5 0.4739 | val loss 2.6615 top1 0.3750 top5 0.7250 | 59.1s
2026-08-26 09:56:30 | INFO    | cicps.checkpoint | Saved checkpoint to D:\Projects\cicps-augmentation\outputs\experiment_0b\checkpoints\baseline_rotation\best.pt (epoch 0, train_loss=3.8443, train_top1=0.2227, train_top5=0.4739, val_loss=2.6615, val_top1=0.3750, val_top5=0.7250).
2026-08-26 09:56:30 | INFO    | cicps.checkpoint | Saved checkpoint to D:\Projects\cicps-augmentation\outputs\experiment_0b\checkpoints\baseline_rotation\last.pt (epoch 0, train_loss=3.8443, train_top1=0.2227, train_top5=0.4739, val_loss=2.6615, val_top1=0.3750, val_top5=0.7250).
2026-08-26 09:56:46 | INFO    | cicps.trainer | [baseline_rotation] epoch  2/20 | lr 3.00e-04 | train loss 1.9740 top1 0.5608 top5 0.8597 | val loss 1.7981 top1 0.5600 top5 0.8583 | 15.5s
2026-08-26 09:56:46 | INFO    | cicps.checkpoint | Saved checkpoint to D:\Projects\cicps-augmentation\outputs\experiment_0b\checkpoints\baseline_rotation\best.pt (epoch 1, train_loss=1.9740, train_top1=0.5608, train_top5=0.8597, val_loss=1.7981, val_top1=0.5600, val_top5=0.8583).
2026-08-26 09:56:46 | INFO    | cicps.checkpoint | Saved checkpoint to D:\Projects\cicps-augmentation\outputs\experiment_0b\checkpoints\baseline_rotation\last.pt (epoch 1, train_loss=1.9740, train_top1=0.5608, train_top5=0.8597, val_loss=1.7981, val_top1=0.5600, val_top5=0.8583).
2026-08-26 09:57:04 | INFO    | cicps.trainer | [baseline_rotation] epoch  3/20 | lr 2.98e-04 | train loss 1.2451 top1 0.7193 top5 0.9436 | val loss 1.5341 top1 0.5917 top5 0.8583 | 17.4s
2026-08-26 09:57:04 | INFO    | cicps.checkpoint | Saved checkpoint to D:\Projects\cicps-augmentation\outputs\experiment_0b\checkpoints\baseline_rotation\best.pt (epoch 2, train_loss=1.2451, train_top1=0.7193, train_top5=0.9436, val_loss=1.5341, val_top1=0.5917, val_top5=0.8583).
2026-08-26 09:57:04 | INFO    | cicps.checkpoint | Saved checkpoint to D:\Projects\cicps-augmentation\outputs\experiment_0b\checkpoints\baseline_rotation\last.pt (epoch 2, train_loss=1.2451, train_top1=0.7193, train_top5=0.9436, val_loss=1.5341, val_top1=0.5917, val_top5=0.8583).
2026-08-26 09:57:23 | INFO    | cicps.trainer | [baseline_rotation] epoch  4/20 | lr 2.92e-04 | train loss 0.8356 top1 0.8122 top5 0.9737 | val loss 1.4217 top1 0.6350 top5 0.8967 | 19.0s
2026-08-26 09:57:23 | INFO    | cicps.checkpoint | Saved checkpoint to D:\Projects\cicps-augmentation\outputs\experiment_0b\checkpoints\baseline_rotation\best.pt (epoch 3, train_loss=0.8356, train_top1=0.8122, train_top5=0.9737, val_loss=1.4217, val_top1=0.6350, val_top5=0.8967).
2026-08-26 09:57:24 | INFO    | cicps.checkpoint | Saved checkpoint to D:\Projects\cicps-augmentation\outputs\experiment_0b\checkpoints\baseline_rotation\last.pt (epoch 3, train_loss=0.8356, train_top1=0.8122, train_top5=0.9737, val_loss=1.4217, val_top1=0.6350, val_top5=0.8967).
2026-08-26 09:57:43 | INFO    | cicps.trainer | [baseline_rotation] epoch  5/20 | lr 2.82e-04 | train loss 0.5872 top1 0.8674 top5 0.9868 | val loss 1.3832 top1 0.6517 top5 0.8867 | 18.9s
2026-08-26 09:57:43 | INFO    | cicps.checkpoint | Saved checkpoint to D:\Projects\cicps-augmentation\outputs\experiment_0b\checkpoints\baseline_rotation\best.pt (epoch 4, train_loss=0.5872, train_top1=0.8674, train_top5=0.9868, val_loss=1.3832, val_top1=0.6517, val_top5=0.8867).
2026-08-26 09:57:43 | INFO    | cicps.checkpoint | Saved checkpoint to D:\Projects\cicps-augmentation\outputs\experiment_0b\checkpoints\baseline_rotation\last.pt (epoch 4, train_loss=0.5872, train_top1=0.8674, train_top5=0.9868, val_loss=1.3832, val_top1=0.6517, val_top5=0.8867).
2026-08-26 09:58:02 | INFO    | cicps.trainer | [baseline_rotation] epoch  6/20 | lr 2.68e-04 | train loss 0.3734 top1 0.9232 top5 0.9950 | val loss 1.1881 top1 0.6750 top5 0.9033 | 19.2s
2026-08-26 09:58:02 | INFO    | cicps.checkpoint | Saved checkpoint to D:\Projects\cicps-augmentation\outputs\experiment_0b\checkpoints\baseline_rotation\best.pt (epoch 5, train_loss=0.3734, train_top1=0.9232, train_top5=0.9950, val_loss=1.1881, val_top1=0.6750, val_top5=0.9033).
2026-08-26 09:58:03 | INFO    | cicps.checkpoint | Saved checkpoint to D:\Projects\cicps-augmentation\outputs\experiment_0b\checkpoints\baseline_rotation\last.pt (epoch 5, train_loss=0.3734, train_top1=0.9232, train_top5=0.9950, val_loss=1.1881, val_top1=0.6750, val_top5=0.9033).
2026-08-26 09:58:22 | INFO    | cicps.trainer | [baseline_rotation] epoch  7/20 | lr 2.52e-04 | train loss 0.2556 top1 0.9501 top5 0.9987 | val loss 1.2427 top1 0.6717 top5 0.9000 | 19.2s
2026-08-26 09:58:22 | INFO    | cicps.checkpoint | Saved checkpoint to D:\Projects\cicps-augmentation\outputs\experiment_0b\checkpoints\baseline_rotation\last.pt (epoch 6, train_loss=0.2556, train_top1=0.9501, train_top5=0.9987, val_loss=1.2427, val_top1=0.6717, val_top5=0.9000).
2026-08-26 09:58:41 | INFO    | cicps.trainer | [baseline_rotation] epoch  8/20 | lr 2.32e-04 | train loss 0.1776 top1 0.9711 top5 0.9998 | val loss 1.1686 top1 0.6950 top5 0.9183 | 19.3s
2026-08-26 09:58:42 | INFO    | cicps.checkpoint | Saved checkpoint to D:\Projects\cicps-augmentation\outputs\experiment_0b\checkpoints\baseline_rotation\best.pt (epoch 7, train_loss=0.1776, train_top1=0.9711, train_top5=0.9998, val_loss=1.1686, val_top1=0.6950, val_top5=0.9183).
2026-08-26 09:58:42 | INFO    | cicps.checkpoint | Saved checkpoint to D:\Projects\cicps-augmentation\outputs\experiment_0b\checkpoints\baseline_rotation\last.pt (epoch 7, train_loss=0.1776, train_top1=0.9711, train_top5=0.9998, val_loss=1.1686, val_top1=0.6950, val_top5=0.9183).
2026-08-26 09:59:01 | INFO    | cicps.trainer | [baseline_rotation] epoch  9/20 | lr 2.11e-04 | train loss 0.1148 top1 0.9850 top5 0.9998 | val loss 1.1284 top1 0.6983 top5 0.9250 | 19.4s
2026-08-26 09:59:01 | INFO    | cicps.checkpoint | Saved checkpoint to D:\Projects\cicps-augmentation\outputs\experiment_0b\checkpoints\baseline_rotation\best.pt (epoch 8, train_loss=0.1148, train_top1=0.9850, train_top5=0.9998, val_loss=1.1284, val_top1=0.6983, val_top5=0.9250).
2026-08-26 09:59:02 | INFO    | cicps.checkpoint | Saved checkpoint to D:\Projects\cicps-augmentation\outputs\experiment_0b\checkpoints\baseline_rotation\last.pt (epoch 8, train_loss=0.1148, train_top1=0.9850, train_top5=0.9998, val_loss=1.1284, val_top1=0.6983, val_top5=0.9250).
2026-08-26 09:59:21 | INFO    | cicps.trainer | [baseline_rotation] epoch 10/20 | lr 1.87e-04 | train loss 0.0842 top1 0.9904 top5 0.9998 | val loss 1.0971 top1 0.7233 top5 0.9217 | 19.5s
2026-08-26 09:59:21 | INFO    | cicps.checkpoint | Saved checkpoint to D:\Projects\cicps-augmentation\outputs\experiment_0b\checkpoints\baseline_rotation\best.pt (epoch 9, train_loss=0.0842, train_top1=0.9904, train_top5=0.9998, val_loss=1.0971, val_top1=0.7233, val_top5=0.9217).
2026-08-26 09:59:22 | INFO    | cicps.checkpoint | Saved checkpoint to D:\Projects\cicps-augmentation\outputs\experiment_0b\checkpoints\baseline_rotation\last.pt (epoch 9, train_loss=0.0842, train_top1=0.9904, train_top5=0.9998, val_loss=1.0971, val_top1=0.7233, val_top5=0.9217).
2026-08-26 09:59:41 | INFO    | cicps.trainer | [baseline_rotation] epoch 11/20 | lr 1.63e-04 | train loss 0.0586 top1 0.9944 top5 0.9998 | val loss 1.0830 top1 0.7333 top5 0.9267 | 19.4s
2026-08-26 09:59:41 | INFO    | cicps.checkpoint | Saved checkpoint to D:\Projects\cicps-augmentation\outputs\experiment_0b\checkpoints\baseline_rotation\best.pt (epoch 10, train_loss=0.0586, train_top1=0.9944, train_top5=0.9998, val_loss=1.0830, val_top1=0.7333, val_top5=0.9267).
2026-08-26 09:59:41 | INFO    | cicps.checkpoint | Saved checkpoint to D:\Projects\cicps-augmentation\outputs\experiment_0b\checkpoints\baseline_rotation\last.pt (epoch 10, train_loss=0.0586, train_top1=0.9944, train_top5=0.9998, val_loss=1.0830, val_top1=0.7333, val_top5=0.9267).
2026-08-26 10:03:07 | INFO    | cicps.trainer | [baseline_rotation] epoch 12/20 | lr 1.38e-04 | train loss 0.0423 top1 0.9965 top5 1.0000 | val loss 1.0633 top1 0.7283 top5 0.9250 | 205.4s
2026-08-26 10:03:07 | INFO    | cicps.checkpoint | Saved checkpoint to D:\Projects\cicps-augmentation\outputs\experiment_0b\checkpoints\baseline_rotation\last.pt (epoch 11, train_loss=0.0423, train_top1=0.9965, train_top5=1.0000, val_loss=1.0633, val_top1=0.7283, val_top5=0.9250).
2026-08-26 10:03:21 | INFO    | cicps.trainer | [baseline_rotation] epoch 13/20 | lr 1.14e-04 | train loss 0.0325 top1 0.9976 top5 1.0000 | val loss 0.9883 top1 0.7450 top5 0.9317 | 14.2s
2026-08-26 10:03:22 | INFO    | cicps.checkpoint | Saved checkpoint to D:\Projects\cicps-augmentation\outputs\experiment_0b\checkpoints\baseline_rotation\best.pt (epoch 12, train_loss=0.0325, train_top1=0.9976, train_top5=1.0000, val_loss=0.9883, val_top1=0.7450, val_top5=0.9317).
2026-08-26 10:03:22 | INFO    | cicps.checkpoint | Saved checkpoint to D:\Projects\cicps-augmentation\outputs\experiment_0b\checkpoints\baseline_rotation\last.pt (epoch 12, train_loss=0.0325, train_top1=0.9976, train_top5=1.0000, val_loss=0.9883, val_top1=0.7450, val_top5=0.9317).
2026-08-26 10:03:36 | INFO    | cicps.trainer | [baseline_rotation] epoch 14/20 | lr 9.04e-05 | train loss 0.0265 top1 0.9985 top5 0.9998 | val loss 0.9624 top1 0.7550 top5 0.9267 | 14.4s
2026-08-26 10:03:36 | INFO    | cicps.checkpoint | Saved checkpoint to D:\Projects\cicps-augmentation\outputs\experiment_0b\checkpoints\baseline_rotation\best.pt (epoch 13, train_loss=0.0265, train_top1=0.9985, train_top5=0.9998, val_loss=0.9624, val_top1=0.7550, val_top5=0.9267).
2026-08-26 10:03:37 | INFO    | cicps.checkpoint | Saved checkpoint to D:\Projects\cicps-augmentation\outputs\experiment_0b\checkpoints\baseline_rotation\last.pt (epoch 13, train_loss=0.0265, train_top1=0.9985, train_top5=0.9998, val_loss=0.9624, val_top1=0.7550, val_top5=0.9267).
2026-08-26 10:03:52 | INFO    | cicps.trainer | [baseline_rotation] epoch 15/20 | lr 6.87e-05 | train loss 0.0197 top1 0.9996 top5 1.0000 | val loss 0.9710 top1 0.7600 top5 0.9383 | 15.2s
2026-08-26 10:03:52 | INFO    | cicps.checkpoint | Saved checkpoint to D:\Projects\cicps-augmentation\outputs\experiment_0b\checkpoints\baseline_rotation\best.pt (epoch 14, train_loss=0.0197, train_top1=0.9996, train_top5=1.0000, val_loss=0.9710, val_top1=0.7600, val_top5=0.9383).
2026-08-26 10:03:52 | INFO    | cicps.checkpoint | Saved checkpoint to D:\Projects\cicps-augmentation\outputs\experiment_0b\checkpoints\baseline_rotation\last.pt (epoch 14, train_loss=0.0197, train_top1=0.9996, train_top5=1.0000, val_loss=0.9710, val_top1=0.7600, val_top5=0.9383).
2026-08-26 10:04:08 | INFO    | cicps.trainer | [baseline_rotation] epoch 16/20 | lr 4.92e-05 | train loss 0.0165 top1 1.0000 top5 1.0000 | val loss 0.9653 top1 0.7533 top5 0.9300 | 16.1s
2026-08-26 10:04:09 | INFO    | cicps.checkpoint | Saved checkpoint to D:\Projects\cicps-augmentation\outputs\experiment_0b\checkpoints\baseline_rotation\last.pt (epoch 15, train_loss=0.0165, train_top1=1.0000, train_top5=1.0000, val_loss=0.9653, val_top1=0.7533, val_top5=0.9300).
2026-08-26 10:04:25 | INFO    | cicps.trainer | [baseline_rotation] epoch 17/20 | lr 3.25e-05 | train loss 0.0140 top1 1.0000 top5 1.0000 | val loss 0.9552 top1 0.7500 top5 0.9333 | 16.7s
2026-08-26 10:04:26 | INFO    | cicps.checkpoint | Saved checkpoint to D:\Projects\cicps-augmentation\outputs\experiment_0b\checkpoints\baseline_rotation\last.pt (epoch 16, train_loss=0.0140, train_top1=1.0000, train_top5=1.0000, val_loss=0.9552, val_top1=0.7500, val_top5=0.9333).
2026-08-26 10:04:43 | INFO    | cicps.trainer | [baseline_rotation] epoch 18/20 | lr 1.90e-05 | train loss 0.0146 top1 0.9993 top5 1.0000 | val loss 0.9691 top1 0.7517 top5 0.9300 | 17.6s
2026-08-26 10:04:43 | INFO    | cicps.checkpoint | Saved checkpoint to D:\Projects\cicps-augmentation\outputs\experiment_0b\checkpoints\baseline_rotation\last.pt (epoch 17, train_loss=0.0146, train_top1=0.9993, train_top5=1.0000, val_loss=0.9691, val_top1=0.7517, val_top5=0.9300).
2026-08-26 10:05:02 | INFO    | cicps.trainer | [baseline_rotation] epoch 19/20 | lr 9.10e-06 | train loss 0.0136 top1 0.9996 top5 1.0000 | val loss 0.9560 top1 0.7550 top5 0.9317 | 18.6s
2026-08-26 10:05:02 | INFO    | cicps.checkpoint | Saved checkpoint to D:\Projects\cicps-augmentation\outputs\experiment_0b\checkpoints\baseline_rotation\last.pt (epoch 18, train_loss=0.0136, train_top1=0.9996, train_top5=1.0000, val_loss=0.9560, val_top1=0.7550, val_top5=0.9317).
2026-08-26 10:05:21 | INFO    | cicps.trainer | [baseline_rotation] epoch 20/20 | lr 3.04e-06 | train loss 0.0133 top1 0.9998 top5 1.0000 | val loss 0.9564 top1 0.7483 top5 0.9317 | 18.4s
2026-08-26 10:05:21 | INFO    | cicps.checkpoint | Saved checkpoint to D:\Projects\cicps-augmentation\outputs\experiment_0b\checkpoints\baseline_rotation\last.pt (epoch 19, train_loss=0.0133, train_top1=0.9998, train_top5=1.0000, val_loss=0.9564, val_top1=0.7483, val_top5=0.9317).
2026-08-26 10:05:21 | INFO    | cicps.trainer | Wrote training history to D:\Projects\cicps-augmentation\outputs\experiment_0b\logs\history\baseline_rotation.csv
2026-08-26 10:05:21 | INFO    | cicps.trainer | [baseline_rotation] best val_top1 = 0.7600 at epoch 15; best checkpoint: D:\Projects\cicps-augmentation\outputs\experiment_0b\checkpoints\baseline_rotation\best.pt
