2026-09-15 22:56:55 | INFO    | cicps | Logging to D:\Projects\cicps-augmentation\outputs\experiment_1a\logs\analyze.log
2026-09-15 22:56:55 | INFO    | cicps.analyze_gradients | Configuration: D:\Projects\cicps-augmentation\config\experiment_1a.yaml
2026-09-15 22:56:56 | INFO    | cicps.analyze_gradients | Loaded 22800 gradient row(s) and 5400 clean row(s).
2026-09-15 22:56:56 | INFO    | cicps.analyze_gradients | Control arm 'identity' (5400 rows): max |C_g - 1| = 0.000e+00, max |R_g - 1| = 0.000e+00, max |dM| = 0.000e+00.
2026-09-15 22:56:57 | INFO    | cicps.gradients | Built gradient summary for 38 (checkpoint x transformation) cell(s).
2026-09-15 22:56:58 | INFO    | cicps.gradients | Built 114 within-transformation association row(s).
2026-09-15 22:56:58 | INFO    | cicps.records | Wrote 38 row(s) x 62 column(s) to D:\Projects\cicps-augmentation\outputs\experiment_1a\analysis\gradient_summary.csv
2026-09-15 22:56:58 | INFO    | cicps.records | Wrote 9 row(s) x 14 column(s) to D:\Projects\cicps-augmentation\outputs\experiment_1a\analysis\null_control_summary.csv
2026-09-15 22:56:58 | INFO    | cicps.records | Wrote 114 row(s) x 7 column(s) to D:\Projects\cicps-augmentation\outputs\experiment_1a\analysis\relationship_summary.csv
2026-09-15 22:56:58 | INFO    | cicps.gradients | Joined Experiment 0A per-image delta_margin onto 4200 of 4200 anchor row(s) (stage 'experiment_0a_best').
2026-09-15 22:56:58 | INFO    | cicps.analyze_gradients | Experiment 0A reproduction at the anchor stage: max |dM(1A) - dM(0A)| = 2.510e-03, mean 2.278e-04, hardest-competitor disagreements 0 / 4200.
2026-09-15 22:56:58 | INFO    | cicps.records | Wrote 4200 row(s) x 71 column(s) to D:\Projects\cicps-augmentation\outputs\experiment_1a\analysis\joined_1a_0a_per_sample.csv
2026-09-15 22:56:58 | INFO    | cicps.gradients | Joined 5 transformation(s) against Experiment 0B downstream results (baseline val top-1 0.7817).
2026-09-15 22:56:58 | INFO    | cicps.records | Wrote 5 row(s) x 69 column(s) to D:\Projects\cicps-augmentation\outputs\experiment_1a\analysis\joined_1a_0b_summary.csv
2026-09-15 22:56:58 | INFO    | cicps.records | Wrote 8 row(s) x 7 column(s) to D:\Projects\cicps-augmentation\outputs\experiment_1a\analysis\association_exploratory.csv
2026-09-15 22:56:58 | INFO    | cicps.analyze_gradients |   association grad_cosine_mean             vs val_top1_delta_0b      pearson  -0.236 (n = 5) - exploratory / descriptive only; no significance test
2026-09-15 22:56:58 | INFO    | cicps.analyze_gradients |   association grad_cosine_mean             vs val_top1_delta_0b      spearman -0.100 (n = 5) - exploratory / descriptive only; no significance test
2026-09-15 22:56:58 | INFO    | cicps.analyze_gradients |   association grad_norm_ratio_mean         vs val_top1_delta_0b      pearson  -0.535 (n = 5) - exploratory / descriptive only; no significance test
2026-09-15 22:56:58 | INFO    | cicps.analyze_gradients |   association grad_norm_ratio_mean         vs val_top1_delta_0b      spearman -0.500 (n = 5) - exploratory / descriptive only; no significance test
2026-09-15 22:56:58 | INFO    | cicps.analyze_gradients |   association delta_margin_mean            vs val_top1_delta_0b      pearson  +0.200 (n = 5) - exploratory / descriptive only; no significance test
2026-09-15 22:56:58 | INFO    | cicps.analyze_gradients |   association delta_margin_mean            vs val_top1_delta_0b      spearman +0.200 (n = 5) - exploratory / descriptive only; no significance test
2026-09-15 22:56:58 | INFO    | cicps.analyze_gradients |   association grad_cosine_mean             vs delta_margin_mean      pearson  +0.792 (n = 5) - exploratory / descriptive only; no significance test
2026-09-15 22:56:58 | INFO    | cicps.analyze_gradients |   association grad_cosine_mean             vs delta_margin_mean      spearman +0.900 (n = 5) - exploratory / descriptive only; no significance test
2026-09-15 22:56:59 | INFO    | cicps.gradient_plots | Wrote plot D:\Projects\cicps-augmentation\outputs\experiment_1a\analysis\plots\grad_cosine_distribution.png
2026-09-15 22:57:00 | INFO    | cicps.gradient_plots | Wrote plot D:\Projects\cicps-augmentation\outputs\experiment_1a\analysis\plots\grad_norm_ratio_distribution.png
2026-09-15 22:57:00 | INFO    | cicps.gradient_plots | Wrote plot D:\Projects\cicps-augmentation\outputs\experiment_1a\analysis\plots\grad_cosine_vs_delta_margin.png
2026-09-15 22:57:01 | INFO    | cicps.gradient_plots | Wrote plot D:\Projects\cicps-augmentation\outputs\experiment_1a\analysis\plots\grad_cosine_vs_feature_cosine.png
2026-09-15 22:57:02 | INFO    | cicps.gradient_plots | Wrote plot D:\Projects\cicps-augmentation\outputs\experiment_1a\analysis\plots\grad_cosine_by_checkpoint.png
2026-09-15 22:57:02 | INFO    | cicps.gradient_plots | Wrote plot D:\Projects\cicps-augmentation\outputs\experiment_1a\analysis\plots\grad_norm_ratio_by_checkpoint.png
2026-09-15 22:57:03 | INFO    | cicps.gradient_plots | Wrote plot D:\Projects\cicps-augmentation\outputs\experiment_1a\analysis\plots\grad_cosine_vs_downstream.png
2026-09-15 22:57:04 | INFO    | cicps.gradient_plots | Wrote plot D:\Projects\cicps-augmentation\outputs\experiment_1a\analysis\plots\scope_heatmap.png
2026-09-15 22:57:04 | INFO    | cicps.analyze_gradients | Experiment 1A summary at the anchor checkpoint 'experiment_0a_best':
2026-09-15 22:57:04 | INFO    | cicps.analyze_gradients |   identity               C_g +1.0000 [+1.0000, +1.0000] | median +1.0000 | frac C_g<0 0.000 | R_g 1.000 | dM +0.0000
2026-09-15 22:57:04 | INFO    | cicps.analyze_gradients |   horizontal_flip        C_g +0.6495 [+0.6436, +0.6557] | median +0.6566 | frac C_g<0 0.000 | R_g 1.439 | dM +0.0349
2026-09-15 22:57:04 | INFO    | cicps.analyze_gradients |   color_jitter           C_g +0.6813 [+0.6671, +0.6956] | median +0.7246 | frac C_g<0 0.002 | R_g 43.805 | dM -0.1453
2026-09-15 22:57:04 | INFO    | cicps.analyze_gradients |   rotation               C_g +0.7665 [+0.7587, +0.7738] | median +0.7758 | frac C_g<0 0.000 | R_g 2.166 | dM -0.0072
2026-09-15 22:57:04 | INFO    | cicps.analyze_gradients |   random_resized_crop    C_g +0.6853 [+0.6766, +0.6947] | median +0.7056 | frac C_g<0 0.000 | R_g 8.804 | dM -0.0593
2026-09-15 22:57:04 | INFO    | cicps.analyze_gradients |   gaussian_blur          C_g +0.5030 [+0.4911, +0.5152] | median +0.5001 | frac C_g<0 0.000 | R_g 38.525 | dM -0.2111
2026-09-15 22:57:04 | INFO    | cicps.analyze_gradients |   random_erasing         C_g +0.7531 [+0.7375, +0.7671] | median +0.8090 | frac C_g<0 0.000 | R_g 24.541 | dM -0.1216
2026-09-15 22:57:04 | INFO    | cicps.analyze_gradients |   cross-image null @ init               mean +0.0018 [-0.0015, +0.0054] over 599 pair(s)
2026-09-15 22:57:04 | INFO    | cicps.analyze_gradients |   cross-image null @ experiment_0a_best mean +0.0036 [-0.0032, +0.0103] over 599 pair(s)
2026-09-15 22:57:04 | INFO    | cicps.analyze_gradients |   cross-image null @ 0b_baseline_best   mean +0.0064 [-0.0011, +0.0137] over 599 pair(s)
2026-09-15 22:57:04 | INFO    | cicps.analyze_gradients |   cross-image null @ 0b_baseline_last   mean +0.0048 [-0.0019, +0.0121] over 599 pair(s)
2026-09-15 22:57:04 | INFO    | cicps.analyze_gradients |   cross-image null @ 0b_color_jitter_best mean -0.0003 [-0.0072, +0.0068] over 599 pair(s)
2026-09-15 22:57:04 | INFO    | cicps.analyze_gradients |   cross-image null @ 0b_rotation_best   mean +0.0020 [-0.0048, +0.0092] over 599 pair(s)
2026-09-15 22:57:04 | INFO    | cicps.analyze_gradients |   cross-image null @ 0b_crop_best       mean +0.0058 [-0.0001, +0.0116] over 599 pair(s)
2026-09-15 22:57:04 | INFO    | cicps.analyze_gradients |   cross-image null @ 0b_gaussian_blur_best mean +0.0057 [-0.0005, +0.0120] over 599 pair(s)
2026-09-15 22:57:04 | INFO    | cicps.analyze_gradients |   cross-image null @ 0b_random_erasing_best mean +0.0095 [+0.0030, +0.0164] over 599 pair(s)
2026-09-15 22:57:04 | INFO    | cicps.analyze_gradients | Analysis complete. Descriptive statistics only. Gradient alignment is evidence about learning-signal compatibility, not proof that an augmentation is good or bad, and any transformation-level coefficient here rests on five or six points.
